<?xml version="1.0" encoding="UTF-8"?>
<TestRun id="fe0bac2a-e0f2-4093-9f16-62281ba1d94d" name="Steven@STEVEN-PC 2011-08-06 13:45:28" runUser="Steven-PC\Steven" xmlns="http://microsoft.com/schemas/VisualStudio/TeamTest/2006">
  <TestRunConfiguration name="Local Test Run" id="07abd846-44fb-41a5-be67-815623a78258">
    <Description>This is a default test run configuration for a local test run.</Description>
    <Deployment runDeploymentRoot="D:\Documents\Development\2-Player Chess - New Engine\ChessGame\TestResults\Steven_STEVEN-PC 2011-08-06 13_45_28">
      <DeploymentItem filename="D:\Documents\Development\2-Player Chess - New Engine\ChessGame\ChessGameLib\bin\Debug\ChessGameLib.dll" />
    </Deployment>
    <TestTypeSpecific />
  </TestRunConfiguration>
  <ResultSummary outcome="Failed">
    <Counters total="12" executed="12" passed="11" error="0" failed="1" timeout="0" aborted="0" inconclusive="0" passedButRunAborted="0" notRunnable="0" notExecuted="0" disconnected="0" warning="0" completed="0" inProgress="0" pending="0" />
  </ResultSummary>
  <Times creation="2011-08-06T13:45:28.0826000-04:00" queuing="2011-08-06T13:45:28.4166000-04:00" start="2011-08-06T13:45:28.4736000-04:00" finish="2011-08-06T13:45:28.6046000-04:00" />
  <TestDefinitions>
    <UnitTest name="TestInvalidTooFewRows" storage="d:\documents\development\2-player chess - new engine\chessgame\chessgamelib.test\bin\debug\chessgamelib.test.dll" id="20416769-a17d-cce0-b09a-1729b9bea58e">
      <Css projectStructure="" iteration="" />
      <Owners>
        <Owner name="" />
      </Owners>
      <Execution id="54624fe2-347c-4f02-96e8-f821398965a4" />
      <TestMethod codeBase="D:\Documents\Development\2-Player Chess - New Engine\ChessGame\ChessGameLib.Test\bin\Debug\ChessGameLib.Test.dll" adapterTypeName="Microsoft.VisualStudio.TestTools.TestTypes.Unit.UnitTestAdapter, Microsoft.VisualStudio.QualityTools.Tips.UnitTest.Adapter, Version=9.0.0.0, Culture=neutral, PublicKeyToken=b03f5f7f11d50a3a" className="ChessGameLib.Test.FenUnitTest, ChessGameLib.Test" name="TestInvalidTooFewRows" />
    </UnitTest>
    <UnitTest name="TestInvalidTooManyColEmpty" storage="d:\documents\development\2-player chess - new engine\chessgame\chessgamelib.test\bin\debug\chessgamelib.test.dll" id="cd3193dd-98af-1ce1-f1cb-940a4d01ba11">
      <Css projectStructure="" iteration="" />
      <Owners>
        <Owner name="" />
      </Owners>
      <Execution id="0a7fa5a9-2136-430d-aee8-1cc3557d56fc" />
      <TestMethod codeBase="D:\Documents\Development\2-Player Chess - New Engine\ChessGame\ChessGameLib.Test\bin\Debug\ChessGameLib.Test.dll" adapterTypeName="Microsoft.VisualStudio.TestTools.TestTypes.Unit.UnitTestAdapter, Microsoft.VisualStudio.QualityTools.Tips.UnitTest.Adapter, Version=9.0.0.0, Culture=neutral, PublicKeyToken=b03f5f7f11d50a3a" className="ChessGameLib.Test.FenUnitTest, ChessGameLib.Test" name="TestInvalidTooManyColEmpty" />
    </UnitTest>
    <UnitTest name="TestInvalidEndInDelimTooFew" storage="d:\documents\development\2-player chess - new engine\chessgame\chessgamelib.test\bin\debug\chessgamelib.test.dll" id="b38bb37a-5172-ee3c-38b6-8fe5de6b9b06">
      <Css projectStructure="" iteration="" />
      <Owners>
        <Owner name="" />
      </Owners>
      <Execution id="85bd575f-b3a8-4171-8a67-2debffe8be53" />
      <TestMethod codeBase="D:\Documents\Development\2-Player Chess - New Engine\ChessGame\ChessGameLib.Test\bin\Debug\ChessGameLib.Test.dll" adapterTypeName="Microsoft.VisualStudio.TestTools.TestTypes.Unit.UnitTestAdapter, Microsoft.VisualStudio.QualityTools.Tips.UnitTest.Adapter, Version=9.0.0.0, Culture=neutral, PublicKeyToken=b03f5f7f11d50a3a" className="ChessGameLib.Test.FenUnitTest, ChessGameLib.Test" name="TestInvalidEndInDelimTooFew" />
    </UnitTest>
    <UnitTest name="TestFromFenValid" storage="d:\documents\development\2-player chess - new engine\chessgame\chessgamelib.test\bin\debug\chessgamelib.test.dll" id="d079c161-d78e-0564-f2bf-f2f8c4937fe3">
      <Css projectStructure="" iteration="" />
      <Owners>
        <Owner name="" />
      </Owners>
      <Execution id="e5fb869a-1491-4558-a20f-7881d79c6cf2" />
      <TestMethod codeBase="D:\Documents\Development\2-Player Chess - New Engine\ChessGame\ChessGameLib.Test\bin\Debug\ChessGameLib.Test.dll" adapterTypeName="Microsoft.VisualStudio.TestTools.TestTypes.Unit.UnitTestAdapter, Microsoft.VisualStudio.QualityTools.Tips.UnitTest.Adapter, Version=9.0.0.0, Culture=neutral, PublicKeyToken=b03f5f7f11d50a3a" className="ChessGameLib.Test.FenUnitTest, ChessGameLib.Test" name="TestFromFenValid" />
    </UnitTest>
    <UnitTest name="TestInvalidEndInDelimTooMany" storage="d:\documents\development\2-player chess - new engine\chessgame\chessgamelib.test\bin\debug\chessgamelib.test.dll" id="346548ab-9e9f-b358-9be4-2fa0a7880357">
      <Css projectStructure="" iteration="" />
      <Owners>
        <Owner name="" />
      </Owners>
      <Execution id="ee71f674-31a3-4cfe-be89-efa2b8c1e79c" />
      <TestMethod codeBase="D:\Documents\Development\2-Player Chess - New Engine\ChessGame\ChessGameLib.Test\bin\Debug\ChessGameLib.Test.dll" adapterTypeName="Microsoft.VisualStudio.TestTools.TestTypes.Unit.UnitTestAdapter, Microsoft.VisualStudio.QualityTools.Tips.UnitTest.Adapter, Version=9.0.0.0, Culture=neutral, PublicKeyToken=b03f5f7f11d50a3a" className="ChessGameLib.Test.FenUnitTest, ChessGameLib.Test" name="TestInvalidEndInDelimTooMany" />
    </UnitTest>
    <UnitTest name="TestInvalidTooManyColPieces" storage="d:\documents\development\2-player chess - new engine\chessgame\chessgamelib.test\bin\debug\chessgamelib.test.dll" id="cf9cc314-967e-4b26-2815-cda7abe3335c">
      <Css projectStructure="" iteration="" />
      <Owners>
        <Owner name="" />
      </Owners>
      <Execution id="6ceba957-cbd9-458f-bca1-4df6056f334b" />
      <TestMethod codeBase="D:\Documents\Development\2-Player Chess - New Engine\ChessGame\ChessGameLib.Test\bin\Debug\ChessGameLib.Test.dll" adapterTypeName="Microsoft.VisualStudio.TestTools.TestTypes.Unit.UnitTestAdapter, Microsoft.VisualStudio.QualityTools.Tips.UnitTest.Adapter, Version=9.0.0.0, Culture=neutral, PublicKeyToken=b03f5f7f11d50a3a" className="ChessGameLib.Test.FenUnitTest, ChessGameLib.Test" name="TestInvalidTooManyColPieces" />
    </UnitTest>
    <UnitTest name="TestInvalidTooManyRows" storage="d:\documents\development\2-player chess - new engine\chessgame\chessgamelib.test\bin\debug\chessgamelib.test.dll" id="59fb97fd-0926-cbb1-e498-664825d78d6f">
      <Css projectStructure="" iteration="" />
      <Owners>
        <Owner name="" />
      </Owners>
      <Execution id="2ca6c70e-aae0-4403-939c-3e4f76531574" />
      <TestMethod codeBase="D:\Documents\Development\2-Player Chess - New Engine\ChessGame\ChessGameLib.Test\bin\Debug\ChessGameLib.Test.dll" adapterTypeName="Microsoft.VisualStudio.TestTools.TestTypes.Unit.UnitTestAdapter, Microsoft.VisualStudio.QualityTools.Tips.UnitTest.Adapter, Version=9.0.0.0, Culture=neutral, PublicKeyToken=b03f5f7f11d50a3a" className="ChessGameLib.Test.FenUnitTest, ChessGameLib.Test" name="TestInvalidTooManyRows" />
    </UnitTest>
    <UnitTest name="TestInvalidUnknownNotation" storage="d:\documents\development\2-player chess - new engine\chessgame\chessgamelib.test\bin\debug\chessgamelib.test.dll" id="11fae8d9-ccb4-7d7a-e80c-8ae5c16e23c2">
      <Css projectStructure="" iteration="" />
      <Owners>
        <Owner name="" />
      </Owners>
      <Execution id="5355ee0c-3f29-4087-ad61-2d3ded4d1422" />
      <TestMethod codeBase="D:\Documents\Development\2-Player Chess - New Engine\ChessGame\ChessGameLib.Test\bin\Debug\ChessGameLib.Test.dll" adapterTypeName="Microsoft.VisualStudio.TestTools.TestTypes.Unit.UnitTestAdapter, Microsoft.VisualStudio.QualityTools.Tips.UnitTest.Adapter, Version=9.0.0.0, Culture=neutral, PublicKeyToken=b03f5f7f11d50a3a" className="ChessGameLib.Test.FenUnitTest, ChessGameLib.Test" name="TestInvalidUnknownNotation" />
    </UnitTest>
    <UnitTest name="TestInvalidZeroGap" storage="d:\documents\development\2-player chess - new engine\chessgame\chessgamelib.test\bin\debug\chessgamelib.test.dll" id="a28e5afa-ac1f-3183-a503-5aae3856596d">
      <Css projectStructure="" iteration="" />
      <Owners>
        <Owner name="" />
      </Owners>
      <Execution id="2a587bee-5d06-4208-95b1-19d52a916330" />
      <TestMethod codeBase="D:\Documents\Development\2-Player Chess - New Engine\ChessGame\ChessGameLib.Test\bin\Debug\ChessGameLib.Test.dll" adapterTypeName="Microsoft.VisualStudio.TestTools.TestTypes.Unit.UnitTestAdapter, Microsoft.VisualStudio.QualityTools.Tips.UnitTest.Adapter, Version=9.0.0.0, Culture=neutral, PublicKeyToken=b03f5f7f11d50a3a" className="ChessGameLib.Test.FenUnitTest, ChessGameLib.Test" name="TestInvalidZeroGap" />
    </UnitTest>
    <UnitTest name="TestInvalidTooFewColEmpty" storage="d:\documents\development\2-player chess - new engine\chessgame\chessgamelib.test\bin\debug\chessgamelib.test.dll" id="282cfed9-13ec-86b3-ab50-1067eca9207f">
      <Css projectStructure="" iteration="" />
      <Owners>
        <Owner name="" />
      </Owners>
      <Execution id="a6568502-50f0-4cc4-b9c6-54aae9163bfc" />
      <TestMethod codeBase="D:\Documents\Development\2-Player Chess - New Engine\ChessGame\ChessGameLib.Test\bin\Debug\ChessGameLib.Test.dll" adapterTypeName="Microsoft.VisualStudio.TestTools.TestTypes.Unit.UnitTestAdapter, Microsoft.VisualStudio.QualityTools.Tips.UnitTest.Adapter, Version=9.0.0.0, Culture=neutral, PublicKeyToken=b03f5f7f11d50a3a" className="ChessGameLib.Test.FenUnitTest, ChessGameLib.Test" name="TestInvalidTooFewColEmpty" />
    </UnitTest>
    <UnitTest name="TestInvalidConsecutiveGaps" storage="d:\documents\development\2-player chess - new engine\chessgame\chessgamelib.test\bin\debug\chessgamelib.test.dll" id="a4fc1eff-ece3-3999-fe08-b47f2b9e7d46">
      <Css projectStructure="" iteration="" />
      <Owners>
        <Owner name="" />
      </Owners>
      <Execution id="939a23da-3df2-4ef0-a87c-74cc1384195d" />
      <TestMethod codeBase="D:\Documents\Development\2-Player Chess - New Engine\ChessGame\ChessGameLib.Test\bin\Debug\ChessGameLib.Test.dll" adapterTypeName="Microsoft.VisualStudio.TestTools.TestTypes.Unit.UnitTestAdapter, Microsoft.VisualStudio.QualityTools.Tips.UnitTest.Adapter, Version=9.0.0.0, Culture=neutral, PublicKeyToken=b03f5f7f11d50a3a" className="ChessGameLib.Test.FenUnitTest, ChessGameLib.Test" name="TestInvalidConsecutiveGaps" />
    </UnitTest>
    <UnitTest name="TestInvalidTooFewColPieces" storage="d:\documents\development\2-player chess - new engine\chessgame\chessgamelib.test\bin\debug\chessgamelib.test.dll" id="6e68234d-eb82-8663-44a1-64d050a02568">
      <Css projectStructure="" iteration="" />
      <Owners>
        <Owner name="" />
      </Owners>
      <Execution id="1bd5a97b-ac91-4769-a7c5-ac46833e18e0" />
      <TestMethod codeBase="D:\Documents\Development\2-Player Chess - New Engine\ChessGame\ChessGameLib.Test\bin\Debug\ChessGameLib.Test.dll" adapterTypeName="Microsoft.VisualStudio.TestTools.TestTypes.Unit.UnitTestAdapter, Microsoft.VisualStudio.QualityTools.Tips.UnitTest.Adapter, Version=9.0.0.0, Culture=neutral, PublicKeyToken=b03f5f7f11d50a3a" className="ChessGameLib.Test.FenUnitTest, ChessGameLib.Test" name="TestInvalidTooFewColPieces" />
    </UnitTest>
  </TestDefinitions>
  <TestLists>
    <TestList name="Results Not in a List" id="8c84fa94-04c1-424b-9868-57a2d4851a1d" />
    <TestList name="All Loaded Results" id="19431567-8539-422a-85d7-44ee4e166bda" />
  </TestLists>
  <TestEntries>
    <TestEntry testId="11fae8d9-ccb4-7d7a-e80c-8ae5c16e23c2" executionId="5355ee0c-3f29-4087-ad61-2d3ded4d1422" testListId="8c84fa94-04c1-424b-9868-57a2d4851a1d" />
    <TestEntry testId="20416769-a17d-cce0-b09a-1729b9bea58e" executionId="54624fe2-347c-4f02-96e8-f821398965a4" testListId="8c84fa94-04c1-424b-9868-57a2d4851a1d" />
    <TestEntry testId="282cfed9-13ec-86b3-ab50-1067eca9207f" executionId="a6568502-50f0-4cc4-b9c6-54aae9163bfc" testListId="8c84fa94-04c1-424b-9868-57a2d4851a1d" />
    <TestEntry testId="346548ab-9e9f-b358-9be4-2fa0a7880357" executionId="ee71f674-31a3-4cfe-be89-efa2b8c1e79c" testListId="8c84fa94-04c1-424b-9868-57a2d4851a1d" />
    <TestEntry testId="59fb97fd-0926-cbb1-e498-664825d78d6f" executionId="2ca6c70e-aae0-4403-939c-3e4f76531574" testListId="8c84fa94-04c1-424b-9868-57a2d4851a1d" />
    <TestEntry testId="6e68234d-eb82-8663-44a1-64d050a02568" executionId="1bd5a97b-ac91-4769-a7c5-ac46833e18e0" testListId="8c84fa94-04c1-424b-9868-57a2d4851a1d" />
    <TestEntry testId="a28e5afa-ac1f-3183-a503-5aae3856596d" executionId="2a587bee-5d06-4208-95b1-19d52a916330" testListId="8c84fa94-04c1-424b-9868-57a2d4851a1d" />
    <TestEntry testId="a4fc1eff-ece3-3999-fe08-b47f2b9e7d46" executionId="939a23da-3df2-4ef0-a87c-74cc1384195d" testListId="8c84fa94-04c1-424b-9868-57a2d4851a1d" />
    <TestEntry testId="b38bb37a-5172-ee3c-38b6-8fe5de6b9b06" executionId="85bd575f-b3a8-4171-8a67-2debffe8be53" testListId="8c84fa94-04c1-424b-9868-57a2d4851a1d" />
    <TestEntry testId="cd3193dd-98af-1ce1-f1cb-940a4d01ba11" executionId="0a7fa5a9-2136-430d-aee8-1cc3557d56fc" testListId="8c84fa94-04c1-424b-9868-57a2d4851a1d" />
    <TestEntry testId="cf9cc314-967e-4b26-2815-cda7abe3335c" executionId="6ceba957-cbd9-458f-bca1-4df6056f334b" testListId="8c84fa94-04c1-424b-9868-57a2d4851a1d" />
    <TestEntry testId="d079c161-d78e-0564-f2bf-f2f8c4937fe3" executionId="e5fb869a-1491-4558-a20f-7881d79c6cf2" testListId="8c84fa94-04c1-424b-9868-57a2d4851a1d" />
  </TestEntries>
  <Results>
    <UnitTestResult executionId="5355ee0c-3f29-4087-ad61-2d3ded4d1422" testId="11fae8d9-ccb4-7d7a-e80c-8ae5c16e23c2" testName="TestInvalidUnknownNotation" computerName="STEVEN-PC" duration="00:00:00.0042991" startTime="2011-08-06T13:45:28.4746000-04:00" endTime="2011-08-06T13:45:28.5416000-04:00" testType="13cdc9d9-ddb5-4fa4-a97d-d965ccfc6d4b" outcome="Passed" testListId="8c84fa94-04c1-424b-9868-57a2d4851a1d">
      <Output>
      </Output>
    </UnitTestResult>
    <UnitTestResult executionId="54624fe2-347c-4f02-96e8-f821398965a4" testId="20416769-a17d-cce0-b09a-1729b9bea58e" testName="TestInvalidTooFewRows" computerName="STEVEN-PC" duration="00:00:00.0004538" startTime="2011-08-06T13:45:28.5426000-04:00" endTime="2011-08-06T13:45:28.5466000-04:00" testType="13cdc9d9-ddb5-4fa4-a97d-d965ccfc6d4b" outcome="Passed" testListId="8c84fa94-04c1-424b-9868-57a2d4851a1d">
      <Output>
      </Output>
    </UnitTestResult>
    <UnitTestResult executionId="a6568502-50f0-4cc4-b9c6-54aae9163bfc" testId="282cfed9-13ec-86b3-ab50-1067eca9207f" testName="TestInvalidTooFewColEmpty" computerName="STEVEN-PC" duration="00:00:00.0002325" startTime="2011-08-06T13:45:28.5486000-04:00" endTime="2011-08-06T13:45:28.5506000-04:00" testType="13cdc9d9-ddb5-4fa4-a97d-d965ccfc6d4b" outcome="Passed" testListId="8c84fa94-04c1-424b-9868-57a2d4851a1d">
      <Output>
      </Output>
    </UnitTestResult>
    <UnitTestResult executionId="ee71f674-31a3-4cfe-be89-efa2b8c1e79c" testId="346548ab-9e9f-b358-9be4-2fa0a7880357" testName="TestInvalidEndInDelimTooMany" computerName="STEVEN-PC" duration="00:00:00.0002310" startTime="2011-08-06T13:45:28.5516000-04:00" endTime="2011-08-06T13:45:28.5536000-04:00" testType="13cdc9d9-ddb5-4fa4-a97d-d965ccfc6d4b" outcome="Passed" testListId="8c84fa94-04c1-424b-9868-57a2d4851a1d">
      <Output>
      </Output>
    </UnitTestResult>
    <UnitTestResult executionId="2ca6c70e-aae0-4403-939c-3e4f76531574" testId="59fb97fd-0926-cbb1-e498-664825d78d6f" testName="TestInvalidTooManyRows" computerName="STEVEN-PC" duration="00:00:00.0002407" startTime="2011-08-06T13:45:28.5536000-04:00" endTime="2011-08-06T13:45:28.5566000-04:00" testType="13cdc9d9-ddb5-4fa4-a97d-d965ccfc6d4b" outcome="Passed" testListId="8c84fa94-04c1-424b-9868-57a2d4851a1d">
      <Output>
      </Output>
    </UnitTestResult>
    <UnitTestResult executionId="1bd5a97b-ac91-4769-a7c5-ac46833e18e0" testId="6e68234d-eb82-8663-44a1-64d050a02568" testName="TestInvalidTooFewColPieces" computerName="STEVEN-PC" duration="00:00:00.0002460" startTime="2011-08-06T13:45:28.5576000-04:00" endTime="2011-08-06T13:45:28.5596000-04:00" testType="13cdc9d9-ddb5-4fa4-a97d-d965ccfc6d4b" outcome="Passed" testListId="8c84fa94-04c1-424b-9868-57a2d4851a1d">
      <Output>
      </Output>
    </UnitTestResult>
    <UnitTestResult executionId="2a587bee-5d06-4208-95b1-19d52a916330" testId="a28e5afa-ac1f-3183-a503-5aae3856596d" testName="TestInvalidZeroGap" computerName="STEVEN-PC" duration="00:00:00.0002300" startTime="2011-08-06T13:45:28.5616000-04:00" endTime="2011-08-06T13:45:28.5636000-04:00" testType="13cdc9d9-ddb5-4fa4-a97d-d965ccfc6d4b" outcome="Passed" testListId="8c84fa94-04c1-424b-9868-57a2d4851a1d">
      <Output>
      </Output>
    </UnitTestResult>
    <UnitTestResult executionId="939a23da-3df2-4ef0-a87c-74cc1384195d" testId="a4fc1eff-ece3-3999-fe08-b47f2b9e7d46" testName="TestInvalidConsecutiveGaps" computerName="STEVEN-PC" duration="00:00:00.0002320" startTime="2011-08-06T13:45:28.5646000-04:00" endTime="2011-08-06T13:45:28.5676000-04:00" testType="13cdc9d9-ddb5-4fa4-a97d-d965ccfc6d4b" outcome="Passed" testListId="8c84fa94-04c1-424b-9868-57a2d4851a1d">
      <Output>
      </Output>
    </UnitTestResult>
    <UnitTestResult executionId="85bd575f-b3a8-4171-8a67-2debffe8be53" testId="b38bb37a-5172-ee3c-38b6-8fe5de6b9b06" testName="TestInvalidEndInDelimTooFew" computerName="STEVEN-PC" duration="00:00:00.0002436" startTime="2011-08-06T13:45:28.5686000-04:00" endTime="2011-08-06T13:45:28.5716000-04:00" testType="13cdc9d9-ddb5-4fa4-a97d-d965ccfc6d4b" outcome="Passed" testListId="8c84fa94-04c1-424b-9868-57a2d4851a1d">
      <Output>
      </Output>
    </UnitTestResult>
    <UnitTestResult executionId="0a7fa5a9-2136-430d-aee8-1cc3557d56fc" testId="cd3193dd-98af-1ce1-f1cb-940a4d01ba11" testName="TestInvalidTooManyColEmpty" computerName="STEVEN-PC" duration="00:00:00.0002179" startTime="2011-08-06T13:45:28.5716000-04:00" endTime="2011-08-06T13:45:28.5766000-04:00" testType="13cdc9d9-ddb5-4fa4-a97d-d965ccfc6d4b" outcome="Passed" testListId="8c84fa94-04c1-424b-9868-57a2d4851a1d">
      <Output>
      </Output>
    </UnitTestResult>
    <UnitTestResult executionId="6ceba957-cbd9-458f-bca1-4df6056f334b" testId="cf9cc314-967e-4b26-2815-cda7abe3335c" testName="TestInvalidTooManyColPieces" computerName="STEVEN-PC" duration="00:00:00.0002490" startTime="2011-08-06T13:45:28.5776000-04:00" endTime="2011-08-06T13:45:28.5806000-04:00" testType="13cdc9d9-ddb5-4fa4-a97d-d965ccfc6d4b" outcome="Passed" testListId="8c84fa94-04c1-424b-9868-57a2d4851a1d">
      <Output>
      </Output>
    </UnitTestResult>
    <UnitTestResult executionId="e5fb869a-1491-4558-a20f-7881d79c6cf2" testId="d079c161-d78e-0564-f2bf-f2f8c4937fe3" testName="TestFromFenValid" computerName="STEVEN-PC" duration="00:00:00.0055267" startTime="2011-08-06T13:45:28.5816000-04:00" endTime="2011-08-06T13:45:28.5906000-04:00" testType="13cdc9d9-ddb5-4fa4-a97d-d965ccfc6d4b" outcome="Failed" testListId="8c84fa94-04c1-424b-9868-57a2d4851a1d">
      <Output>
        <ErrorInfo>
          <Message>Test method ChessGameLib.Test.FenUnitTest.TestFromFenValid threw exception:  ChessGameLib.FENException: Too many pieces specified in row!.</Message>
          <StackTrace>    at ChessGameLib.FENSerializer.Deserialize(String s) in D:\Documents\Development\2-Player Chess - New Engine\ChessGame\ChessGameLib\GameSerializer.cs:line 164
   at ChessGameLib.Test.FenUnitTest.TestFromFenValid() in D:\Documents\Development\2-Player Chess - New Engine\ChessGame\ChessGameLib.Test\FenUnitTest.cs:line 94
</StackTrace>
        </ErrorInfo>
      </Output>
    </UnitTestResult>
  </Results>
</TestRun>