<?xml version="1.0" encoding="UTF-8"?>
<TestRun id="1f246dcf-1e55-4f6e-9240-4f5a98be7f44" name="Steven@STEVEN-PC 2011-08-07 08:49:52" runUser="Steven-PC\Steven" xmlns="http://microsoft.com/schemas/VisualStudio/TeamTest/2006">
  <TestRunConfiguration name="Local Test Run" id="07abd846-44fb-41a5-be67-815623a78258">
    <Description>This is a default test run configuration for a local test run.</Description>
    <Deployment runDeploymentRoot="D:\Documents\Development\2-Player Chess - New Engine\ChessGame\TestResults\Steven_STEVEN-PC 2011-08-07 08_49_52">
      <DeploymentItem filename="D:\Documents\Development\2-Player Chess - New Engine\ChessGame\ChessGameLib\bin\Debug\ChessGameLib.dll" />
    </Deployment>
    <TestTypeSpecific />
  </TestRunConfiguration>
  <ResultSummary outcome="Failed">
    <Counters total="1" executed="1" error="0" failed="1" timeout="0" aborted="0" inconclusive="0" passedButRunAborted="0" notRunnable="0" notExecuted="0" disconnected="0" warning="0" passed="0" completed="0" inProgress="0" pending="0" />
  </ResultSummary>
  <Times creation="2011-08-07T08:49:52.7930000-04:00" queuing="2011-08-07T08:49:55.2780000-04:00" start="2011-08-07T08:49:55.5570000-04:00" finish="2011-08-07T08:49:56.3050000-04:00" />
  <TestDefinitions>
    <UnitTest name="TestAddPosition" storage="d:\documents\development\2-player chess - new engine\chessgame\chessgamelib.test\bin\debug\chessgamelib.test.dll" id="acb4ade0-2f79-bb58-9f17-8151d4d26324">
      <Css projectStructure="" iteration="" />
      <Owners>
        <Owner name="" />
      </Owners>
      <Execution id="763cf025-d384-41d4-9f36-3c117baf85b2" />
      <TestMethod codeBase="D:\Documents\Development\2-Player Chess - New Engine\ChessGame\ChessGameLib.Test\bin\Debug\ChessGameLib.Test.dll" adapterTypeName="Microsoft.VisualStudio.TestTools.TestTypes.Unit.UnitTestAdapter, Microsoft.VisualStudio.QualityTools.Tips.UnitTest.Adapter, Version=9.0.0.0, Culture=neutral, PublicKeyToken=b03f5f7f11d50a3a" className="ChessGameLib.Test.BitBoardTest, ChessGameLib.Test" name="TestAddPosition" />
    </UnitTest>
  </TestDefinitions>
  <TestLists>
    <TestList name="Results Not in a List" id="8c84fa94-04c1-424b-9868-57a2d4851a1d" />
    <TestList name="All Loaded Results" id="19431567-8539-422a-85d7-44ee4e166bda" />
  </TestLists>
  <TestEntries>
    <TestEntry testId="acb4ade0-2f79-bb58-9f17-8151d4d26324" executionId="763cf025-d384-41d4-9f36-3c117baf85b2" testListId="8c84fa94-04c1-424b-9868-57a2d4851a1d" />
  </TestEntries>
  <Results>
    <UnitTestResult executionId="763cf025-d384-41d4-9f36-3c117baf85b2" testId="acb4ade0-2f79-bb58-9f17-8151d4d26324" testName="TestAddPosition" computerName="STEVEN-PC" duration="00:00:00.0793744" startTime="2011-08-07T08:49:55.6970000-04:00" endTime="2011-08-07T08:49:56.2250000-04:00" testType="13cdc9d9-ddb5-4fa4-a97d-d965ccfc6d4b" outcome="Failed" testListId="8c84fa94-04c1-424b-9868-57a2d4851a1d">
      <Output>
        <ErrorInfo>
          <Message>Assert.AreEqual failed. Expected:&lt;ChessGameLib.BitBoard&gt;. Actual:&lt;ChessGameLib.BitBoard&gt;. </Message>
          <StackTrace>   at ChessGameLib.Test.BitBoardTest.TestAddPosition() in D:\Documents\Development\2-Player Chess - New Engine\ChessGame\ChessGameLib.Test\BitBoardTest.cs:line 74
</StackTrace>
        </ErrorInfo>
      </Output>
    </UnitTestResult>
  </Results>
</TestRun>