<?xml version="1.0" encoding="UTF-8"?>
<TestRun id="5db2a524-9d81-4dcd-8b9c-5c97c4228075" name="Steven@STEVEN-PC 2011-08-06 14:01:23" runUser="Steven-PC\Steven" xmlns="http://microsoft.com/schemas/VisualStudio/TeamTest/2006">
  <TestRunConfiguration name="Local Test Run" id="07abd846-44fb-41a5-be67-815623a78258">
    <Description>This is a default test run configuration for a local test run.</Description>
    <Deployment runDeploymentRoot="D:\Documents\Development\2-Player Chess - New Engine\ChessGame\TestResults\Steven_STEVEN-PC 2011-08-06 14_01_23">
      <DeploymentItem filename="D:\Documents\Development\2-Player Chess - New Engine\ChessGame\ChessGameLib\bin\Debug\ChessGameLib.dll" />
    </Deployment>
    <TestTypeSpecific />
  </TestRunConfiguration>
  <ResultSummary outcome="Failed">
    <Counters total="24" executed="24" passed="20" error="0" failed="4" timeout="0" aborted="0" inconclusive="0" passedButRunAborted="0" notRunnable="0" notExecuted="0" disconnected="0" warning="0" completed="0" inProgress="0" pending="0" />
  </ResultSummary>
  <Times creation="2011-08-06T14:01:23.2616000-04:00" queuing="2011-08-06T14:01:23.5596000-04:00" start="2011-08-06T14:01:23.6256000-04:00" finish="2011-08-06T14:01:23.8066000-04:00" />
  <TestDefinitions>
    <UnitTest name="TestEloWinEven" storage="d:\documents\development\2-player chess - new engine\chessgame\chessgamelib.test\bin\debug\chessgamelib.test.dll" id="3a9820c9-7f32-03e8-abab-08d461fa78aa">
      <Css projectStructure="" iteration="" />
      <Owners>
        <Owner name="" />
      </Owners>
      <Execution id="c23c0b84-cddd-46ec-8f0d-60d34ff3dd9f" />
      <TestMethod codeBase="D:\Documents\Development\2-Player Chess - New Engine\ChessGame\ChessGameLib.Test\bin\Debug\ChessGameLib.Test.dll" adapterTypeName="Microsoft.VisualStudio.TestTools.TestTypes.Unit.UnitTestAdapter, Microsoft.VisualStudio.QualityTools.Tips.UnitTest.Adapter, Version=9.0.0.0, Culture=neutral, PublicKeyToken=b03f5f7f11d50a3a" className="ChessGameLib.Test.EloTest, ChessGameLib.Test" name="TestEloWinEven" />
    </UnitTest>
    <UnitTest name="TestInvalidTooFewColPieces" storage="d:\documents\development\2-player chess - new engine\chessgame\chessgamelib.test\bin\debug\chessgamelib.test.dll" id="6e68234d-eb82-8663-44a1-64d050a02568">
      <Css projectStructure="" iteration="" />
      <Owners>
        <Owner name="" />
      </Owners>
      <Execution id="afcc3077-fef5-4ed6-8f75-5ab9c84d4a7c" />
      <TestMethod codeBase="D:\Documents\Development\2-Player Chess - New Engine\ChessGame\ChessGameLib.Test\bin\Debug\ChessGameLib.Test.dll" adapterTypeName="Microsoft.VisualStudio.TestTools.TestTypes.Unit.UnitTestAdapter, Microsoft.VisualStudio.QualityTools.Tips.UnitTest.Adapter, Version=9.0.0.0, Culture=neutral, PublicKeyToken=b03f5f7f11d50a3a" className="ChessGameLib.Test.FenUnitTest, ChessGameLib.Test" name="TestInvalidTooFewColPieces" />
    </UnitTest>
    <UnitTest name="TestInvalidEndInDelimTooFew" storage="d:\documents\development\2-player chess - new engine\chessgame\chessgamelib.test\bin\debug\chessgamelib.test.dll" id="b38bb37a-5172-ee3c-38b6-8fe5de6b9b06">
      <Css projectStructure="" iteration="" />
      <Owners>
        <Owner name="" />
      </Owners>
      <Execution id="d16347f9-bd07-423f-8782-17f3ace59be1" />
      <TestMethod codeBase="D:\Documents\Development\2-Player Chess - New Engine\ChessGame\ChessGameLib.Test\bin\Debug\ChessGameLib.Test.dll" adapterTypeName="Microsoft.VisualStudio.TestTools.TestTypes.Unit.UnitTestAdapter, Microsoft.VisualStudio.QualityTools.Tips.UnitTest.Adapter, Version=9.0.0.0, Culture=neutral, PublicKeyToken=b03f5f7f11d50a3a" className="ChessGameLib.Test.FenUnitTest, ChessGameLib.Test" name="TestInvalidEndInDelimTooFew" />
    </UnitTest>
    <UnitTest name="TestEloWinLower" storage="d:\documents\development\2-player chess - new engine\chessgame\chessgamelib.test\bin\debug\chessgamelib.test.dll" id="bbdb4c36-5726-4427-2739-687e7f08fae2">
      <Css projectStructure="" iteration="" />
      <Owners>
        <Owner name="" />
      </Owners>
      <Execution id="66086b8f-1f31-448c-a46a-5af8da35d7f1" />
      <TestMethod codeBase="D:\Documents\Development\2-Player Chess - New Engine\ChessGame\ChessGameLib.Test\bin\Debug\ChessGameLib.Test.dll" adapterTypeName="Microsoft.VisualStudio.TestTools.TestTypes.Unit.UnitTestAdapter, Microsoft.VisualStudio.QualityTools.Tips.UnitTest.Adapter, Version=9.0.0.0, Culture=neutral, PublicKeyToken=b03f5f7f11d50a3a" className="ChessGameLib.Test.EloTest, ChessGameLib.Test" name="TestEloWinLower" />
    </UnitTest>
    <UnitTest name="TestInvalidTooManyRows" storage="d:\documents\development\2-player chess - new engine\chessgame\chessgamelib.test\bin\debug\chessgamelib.test.dll" id="59fb97fd-0926-cbb1-e498-664825d78d6f">
      <Css projectStructure="" iteration="" />
      <Owners>
        <Owner name="" />
      </Owners>
      <Execution id="489579ad-f15a-4127-96ac-bf2de07015fd" />
      <TestMethod codeBase="D:\Documents\Development\2-Player Chess - New Engine\ChessGame\ChessGameLib.Test\bin\Debug\ChessGameLib.Test.dll" adapterTypeName="Microsoft.VisualStudio.TestTools.TestTypes.Unit.UnitTestAdapter, Microsoft.VisualStudio.QualityTools.Tips.UnitTest.Adapter, Version=9.0.0.0, Culture=neutral, PublicKeyToken=b03f5f7f11d50a3a" className="ChessGameLib.Test.FenUnitTest, ChessGameLib.Test" name="TestInvalidTooManyRows" />
    </UnitTest>
    <UnitTest name="TestEloModLoss" storage="d:\documents\development\2-player chess - new engine\chessgame\chessgamelib.test\bin\debug\chessgamelib.test.dll" id="afb4e21b-de84-8013-1451-d223e3f2ef3b">
      <Css projectStructure="" iteration="" />
      <Owners>
        <Owner name="" />
      </Owners>
      <Execution id="00b2d31c-42e2-471e-8b7a-f17d21b9f313" />
      <TestMethod codeBase="D:\Documents\Development\2-Player Chess - New Engine\ChessGame\ChessGameLib.Test\bin\Debug\ChessGameLib.Test.dll" adapterTypeName="Microsoft.VisualStudio.TestTools.TestTypes.Unit.UnitTestAdapter, Microsoft.VisualStudio.QualityTools.Tips.UnitTest.Adapter, Version=9.0.0.0, Culture=neutral, PublicKeyToken=b03f5f7f11d50a3a" className="ChessGameLib.Test.EloTest, ChessGameLib.Test" name="TestEloModLoss" />
    </UnitTest>
    <UnitTest name="TestEloLoseEven" storage="d:\documents\development\2-player chess - new engine\chessgame\chessgamelib.test\bin\debug\chessgamelib.test.dll" id="25019b72-d149-ffea-f28e-b1a59ae50d6c">
      <Css projectStructure="" iteration="" />
      <Owners>
        <Owner name="" />
      </Owners>
      <Execution id="b4a32fa1-f838-4ea3-848c-ea4e0c3580f6" />
      <TestMethod codeBase="D:\Documents\Development\2-Player Chess - New Engine\ChessGame\ChessGameLib.Test\bin\Debug\ChessGameLib.Test.dll" adapterTypeName="Microsoft.VisualStudio.TestTools.TestTypes.Unit.UnitTestAdapter, Microsoft.VisualStudio.QualityTools.Tips.UnitTest.Adapter, Version=9.0.0.0, Culture=neutral, PublicKeyToken=b03f5f7f11d50a3a" className="ChessGameLib.Test.EloTest, ChessGameLib.Test" name="TestEloLoseEven" />
    </UnitTest>
    <UnitTest name="TestInvalidEndInDelimTooMany" storage="d:\documents\development\2-player chess - new engine\chessgame\chessgamelib.test\bin\debug\chessgamelib.test.dll" id="346548ab-9e9f-b358-9be4-2fa0a7880357">
      <Css projectStructure="" iteration="" />
      <Owners>
        <Owner name="" />
      </Owners>
      <Execution id="86c7867b-e390-4103-b9cb-62bf8f438b5d" />
      <TestMethod codeBase="D:\Documents\Development\2-Player Chess - New Engine\ChessGame\ChessGameLib.Test\bin\Debug\ChessGameLib.Test.dll" adapterTypeName="Microsoft.VisualStudio.TestTools.TestTypes.Unit.UnitTestAdapter, Microsoft.VisualStudio.QualityTools.Tips.UnitTest.Adapter, Version=9.0.0.0, Culture=neutral, PublicKeyToken=b03f5f7f11d50a3a" className="ChessGameLib.Test.FenUnitTest, ChessGameLib.Test" name="TestInvalidEndInDelimTooMany" />
    </UnitTest>
    <UnitTest name="TestEloLoseLower" storage="d:\documents\development\2-player chess - new engine\chessgame\chessgamelib.test\bin\debug\chessgamelib.test.dll" id="521b0daf-0a93-456b-f3c1-eafb7701d031">
      <Css projectStructure="" iteration="" />
      <Owners>
        <Owner name="" />
      </Owners>
      <Execution id="d504d098-80d1-486d-aa7d-f869e093f6bf" />
      <TestMethod codeBase="D:\Documents\Development\2-Player Chess - New Engine\ChessGame\ChessGameLib.Test\bin\Debug\ChessGameLib.Test.dll" adapterTypeName="Microsoft.VisualStudio.TestTools.TestTypes.Unit.UnitTestAdapter, Microsoft.VisualStudio.QualityTools.Tips.UnitTest.Adapter, Version=9.0.0.0, Culture=neutral, PublicKeyToken=b03f5f7f11d50a3a" className="ChessGameLib.Test.EloTest, ChessGameLib.Test" name="TestEloLoseLower" />
    </UnitTest>
    <UnitTest name="TestEloModWin" storage="d:\documents\development\2-player chess - new engine\chessgame\chessgamelib.test\bin\debug\chessgamelib.test.dll" id="bccda867-873b-89e1-132a-ab15b9a3380c">
      <Css projectStructure="" iteration="" />
      <Owners>
        <Owner name="" />
      </Owners>
      <Execution id="b3757166-991e-4617-944b-a1afefc892b8" />
      <TestMethod codeBase="D:\Documents\Development\2-Player Chess - New Engine\ChessGame\ChessGameLib.Test\bin\Debug\ChessGameLib.Test.dll" adapterTypeName="Microsoft.VisualStudio.TestTools.TestTypes.Unit.UnitTestAdapter, Microsoft.VisualStudio.QualityTools.Tips.UnitTest.Adapter, Version=9.0.0.0, Culture=neutral, PublicKeyToken=b03f5f7f11d50a3a" className="ChessGameLib.Test.EloTest, ChessGameLib.Test" name="TestEloModWin" />
    </UnitTest>
    <UnitTest name="TestEloDrawEven" storage="d:\documents\development\2-player chess - new engine\chessgame\chessgamelib.test\bin\debug\chessgamelib.test.dll" id="73f9b3c4-9390-5a5e-1010-bc4cc3c0e394">
      <Css projectStructure="" iteration="" />
      <Owners>
        <Owner name="" />
      </Owners>
      <Execution id="d78d8d21-2ce4-4ac0-bcc7-b22b98de99a9" />
      <TestMethod codeBase="D:\Documents\Development\2-Player Chess - New Engine\ChessGame\ChessGameLib.Test\bin\Debug\ChessGameLib.Test.dll" adapterTypeName="Microsoft.VisualStudio.TestTools.TestTypes.Unit.UnitTestAdapter, Microsoft.VisualStudio.QualityTools.Tips.UnitTest.Adapter, Version=9.0.0.0, Culture=neutral, PublicKeyToken=b03f5f7f11d50a3a" className="ChessGameLib.Test.EloTest, ChessGameLib.Test" name="TestEloDrawEven" />
    </UnitTest>
    <UnitTest name="TestInvalidTooManyColPieces" storage="d:\documents\development\2-player chess - new engine\chessgame\chessgamelib.test\bin\debug\chessgamelib.test.dll" id="cf9cc314-967e-4b26-2815-cda7abe3335c">
      <Css projectStructure="" iteration="" />
      <Owners>
        <Owner name="" />
      </Owners>
      <Execution id="d338834f-ddcb-4335-8c44-d39fd4947a38" />
      <TestMethod codeBase="D:\Documents\Development\2-Player Chess - New Engine\ChessGame\ChessGameLib.Test\bin\Debug\ChessGameLib.Test.dll" adapterTypeName="Microsoft.VisualStudio.TestTools.TestTypes.Unit.UnitTestAdapter, Microsoft.VisualStudio.QualityTools.Tips.UnitTest.Adapter, Version=9.0.0.0, Culture=neutral, PublicKeyToken=b03f5f7f11d50a3a" className="ChessGameLib.Test.FenUnitTest, ChessGameLib.Test" name="TestInvalidTooManyColPieces" />
    </UnitTest>
    <UnitTest name="TestInvalidTooFewRows" storage="d:\documents\development\2-player chess - new engine\chessgame\chessgamelib.test\bin\debug\chessgamelib.test.dll" id="20416769-a17d-cce0-b09a-1729b9bea58e">
      <Css projectStructure="" iteration="" />
      <Owners>
        <Owner name="" />
      </Owners>
      <Execution id="de28ba4f-6090-4f5e-b8e6-2888557c5770" />
      <TestMethod codeBase="D:\Documents\Development\2-Player Chess - New Engine\ChessGame\ChessGameLib.Test\bin\Debug\ChessGameLib.Test.dll" adapterTypeName="Microsoft.VisualStudio.TestTools.TestTypes.Unit.UnitTestAdapter, Microsoft.VisualStudio.QualityTools.Tips.UnitTest.Adapter, Version=9.0.0.0, Culture=neutral, PublicKeyToken=b03f5f7f11d50a3a" className="ChessGameLib.Test.FenUnitTest, ChessGameLib.Test" name="TestInvalidTooFewRows" />
    </UnitTest>
    <UnitTest name="TestEloDrawLower" storage="d:\documents\development\2-player chess - new engine\chessgame\chessgamelib.test\bin\debug\chessgamelib.test.dll" id="1ea56efe-29a7-c41e-8b4f-e92c908ed160">
      <Css projectStructure="" iteration="" />
      <Owners>
        <Owner name="" />
      </Owners>
      <Execution id="bfaf1d55-0e97-4ea8-bc57-a1eb389ed221" />
      <TestMethod codeBase="D:\Documents\Development\2-Player Chess - New Engine\ChessGame\ChessGameLib.Test\bin\Debug\ChessGameLib.Test.dll" adapterTypeName="Microsoft.VisualStudio.TestTools.TestTypes.Unit.UnitTestAdapter, Microsoft.VisualStudio.QualityTools.Tips.UnitTest.Adapter, Version=9.0.0.0, Culture=neutral, PublicKeyToken=b03f5f7f11d50a3a" className="ChessGameLib.Test.EloTest, ChessGameLib.Test" name="TestEloDrawLower" />
    </UnitTest>
    <UnitTest name="TestInvalidTooFewColEmpty" storage="d:\documents\development\2-player chess - new engine\chessgame\chessgamelib.test\bin\debug\chessgamelib.test.dll" id="282cfed9-13ec-86b3-ab50-1067eca9207f">
      <Css projectStructure="" iteration="" />
      <Owners>
        <Owner name="" />
      </Owners>
      <Execution id="cae7e9ce-aef1-4504-a0e9-291b82146d3a" />
      <TestMethod codeBase="D:\Documents\Development\2-Player Chess - New Engine\ChessGame\ChessGameLib.Test\bin\Debug\ChessGameLib.Test.dll" adapterTypeName="Microsoft.VisualStudio.TestTools.TestTypes.Unit.UnitTestAdapter, Microsoft.VisualStudio.QualityTools.Tips.UnitTest.Adapter, Version=9.0.0.0, Culture=neutral, PublicKeyToken=b03f5f7f11d50a3a" className="ChessGameLib.Test.FenUnitTest, ChessGameLib.Test" name="TestInvalidTooFewColEmpty" />
    </UnitTest>
    <UnitTest name="TestEloLoseHigher" storage="d:\documents\development\2-player chess - new engine\chessgame\chessgamelib.test\bin\debug\chessgamelib.test.dll" id="2aafeb69-55fd-f149-332f-39f1ece146bf">
      <Css projectStructure="" iteration="" />
      <Owners>
        <Owner name="" />
      </Owners>
      <Execution id="0da41192-3ebd-4ae7-acfc-878bb0d2f4e4" />
      <TestMethod codeBase="D:\Documents\Development\2-Player Chess - New Engine\ChessGame\ChessGameLib.Test\bin\Debug\ChessGameLib.Test.dll" adapterTypeName="Microsoft.VisualStudio.TestTools.TestTypes.Unit.UnitTestAdapter, Microsoft.VisualStudio.QualityTools.Tips.UnitTest.Adapter, Version=9.0.0.0, Culture=neutral, PublicKeyToken=b03f5f7f11d50a3a" className="ChessGameLib.Test.EloTest, ChessGameLib.Test" name="TestEloLoseHigher" />
    </UnitTest>
    <UnitTest name="TestInvalidConsecutiveGaps" storage="d:\documents\development\2-player chess - new engine\chessgame\chessgamelib.test\bin\debug\chessgamelib.test.dll" id="a4fc1eff-ece3-3999-fe08-b47f2b9e7d46">
      <Css projectStructure="" iteration="" />
      <Owners>
        <Owner name="" />
      </Owners>
      <Execution id="9ba6a203-d617-4f0a-9156-f6c25a60cc5e" />
      <TestMethod codeBase="D:\Documents\Development\2-Player Chess - New Engine\ChessGame\ChessGameLib.Test\bin\Debug\ChessGameLib.Test.dll" adapterTypeName="Microsoft.VisualStudio.TestTools.TestTypes.Unit.UnitTestAdapter, Microsoft.VisualStudio.QualityTools.Tips.UnitTest.Adapter, Version=9.0.0.0, Culture=neutral, PublicKeyToken=b03f5f7f11d50a3a" className="ChessGameLib.Test.FenUnitTest, ChessGameLib.Test" name="TestInvalidConsecutiveGaps" />
    </UnitTest>
    <UnitTest name="TestInvalidZeroGap" storage="d:\documents\development\2-player chess - new engine\chessgame\chessgamelib.test\bin\debug\chessgamelib.test.dll" id="a28e5afa-ac1f-3183-a503-5aae3856596d">
      <Css projectStructure="" iteration="" />
      <Owners>
        <Owner name="" />
      </Owners>
      <Execution id="246850b5-02bd-482b-ab93-34c274f79ba9" />
      <TestMethod codeBase="D:\Documents\Development\2-Player Chess - New Engine\ChessGame\ChessGameLib.Test\bin\Debug\ChessGameLib.Test.dll" adapterTypeName="Microsoft.VisualStudio.TestTools.TestTypes.Unit.UnitTestAdapter, Microsoft.VisualStudio.QualityTools.Tips.UnitTest.Adapter, Version=9.0.0.0, Culture=neutral, PublicKeyToken=b03f5f7f11d50a3a" className="ChessGameLib.Test.FenUnitTest, ChessGameLib.Test" name="TestInvalidZeroGap" />
    </UnitTest>
    <UnitTest name="TestEloWinHigher" storage="d:\documents\development\2-player chess - new engine\chessgame\chessgamelib.test\bin\debug\chessgamelib.test.dll" id="4067d726-029b-d64d-be5e-0173ae1e472f">
      <Css projectStructure="" iteration="" />
      <Owners>
        <Owner name="" />
      </Owners>
      <Execution id="ed054967-55aa-4f68-899b-a4e86360bfba" />
      <TestMethod codeBase="D:\Documents\Development\2-Player Chess - New Engine\ChessGame\ChessGameLib.Test\bin\Debug\ChessGameLib.Test.dll" adapterTypeName="Microsoft.VisualStudio.TestTools.TestTypes.Unit.UnitTestAdapter, Microsoft.VisualStudio.QualityTools.Tips.UnitTest.Adapter, Version=9.0.0.0, Culture=neutral, PublicKeyToken=b03f5f7f11d50a3a" className="ChessGameLib.Test.EloTest, ChessGameLib.Test" name="TestEloWinHigher" />
    </UnitTest>
    <UnitTest name="TestInvalidUnknownNotation" storage="d:\documents\development\2-player chess - new engine\chessgame\chessgamelib.test\bin\debug\chessgamelib.test.dll" id="11fae8d9-ccb4-7d7a-e80c-8ae5c16e23c2">
      <Css projectStructure="" iteration="" />
      <Owners>
        <Owner name="" />
      </Owners>
      <Execution id="c2926648-73e6-4e9d-9afb-59c4c0c2c7fb" />
      <TestMethod codeBase="D:\Documents\Development\2-Player Chess - New Engine\ChessGame\ChessGameLib.Test\bin\Debug\ChessGameLib.Test.dll" adapterTypeName="Microsoft.VisualStudio.TestTools.TestTypes.Unit.UnitTestAdapter, Microsoft.VisualStudio.QualityTools.Tips.UnitTest.Adapter, Version=9.0.0.0, Culture=neutral, PublicKeyToken=b03f5f7f11d50a3a" className="ChessGameLib.Test.FenUnitTest, ChessGameLib.Test" name="TestInvalidUnknownNotation" />
    </UnitTest>
    <UnitTest name="TestInvalidTooManyColEmpty" storage="d:\documents\development\2-player chess - new engine\chessgame\chessgamelib.test\bin\debug\chessgamelib.test.dll" id="cd3193dd-98af-1ce1-f1cb-940a4d01ba11">
      <Css projectStructure="" iteration="" />
      <Owners>
        <Owner name="" />
      </Owners>
      <Execution id="dd91b18f-3c14-48af-8ccc-1019b541080d" />
      <TestMethod codeBase="D:\Documents\Development\2-Player Chess - New Engine\ChessGame\ChessGameLib.Test\bin\Debug\ChessGameLib.Test.dll" adapterTypeName="Microsoft.VisualStudio.TestTools.TestTypes.Unit.UnitTestAdapter, Microsoft.VisualStudio.QualityTools.Tips.UnitTest.Adapter, Version=9.0.0.0, Culture=neutral, PublicKeyToken=b03f5f7f11d50a3a" className="ChessGameLib.Test.FenUnitTest, ChessGameLib.Test" name="TestInvalidTooManyColEmpty" />
    </UnitTest>
    <UnitTest name="TestFromFenValid" storage="d:\documents\development\2-player chess - new engine\chessgame\chessgamelib.test\bin\debug\chessgamelib.test.dll" id="d079c161-d78e-0564-f2bf-f2f8c4937fe3">
      <Css projectStructure="" iteration="" />
      <Owners>
        <Owner name="" />
      </Owners>
      <Execution id="e24cee4f-3d28-4190-8ec1-368351ab7ac3" />
      <TestMethod codeBase="D:\Documents\Development\2-Player Chess - New Engine\ChessGame\ChessGameLib.Test\bin\Debug\ChessGameLib.Test.dll" adapterTypeName="Microsoft.VisualStudio.TestTools.TestTypes.Unit.UnitTestAdapter, Microsoft.VisualStudio.QualityTools.Tips.UnitTest.Adapter, Version=9.0.0.0, Culture=neutral, PublicKeyToken=b03f5f7f11d50a3a" className="ChessGameLib.Test.FenUnitTest, ChessGameLib.Test" name="TestFromFenValid" />
    </UnitTest>
    <UnitTest name="TestEloModDraw" storage="d:\documents\development\2-player chess - new engine\chessgame\chessgamelib.test\bin\debug\chessgamelib.test.dll" id="361a2c15-4903-0dcc-e852-1f1bb7e3d573">
      <Css projectStructure="" iteration="" />
      <Owners>
        <Owner name="" />
      </Owners>
      <Execution id="8422e4c9-2df7-4df3-8590-991700a936d9" />
      <TestMethod codeBase="D:\Documents\Development\2-Player Chess - New Engine\ChessGame\ChessGameLib.Test\bin\Debug\ChessGameLib.Test.dll" adapterTypeName="Microsoft.VisualStudio.TestTools.TestTypes.Unit.UnitTestAdapter, Microsoft.VisualStudio.QualityTools.Tips.UnitTest.Adapter, Version=9.0.0.0, Culture=neutral, PublicKeyToken=b03f5f7f11d50a3a" className="ChessGameLib.Test.EloTest, ChessGameLib.Test" name="TestEloModDraw" />
    </UnitTest>
    <UnitTest name="TestEloDrawHigher" storage="d:\documents\development\2-player chess - new engine\chessgame\chessgamelib.test\bin\debug\chessgamelib.test.dll" id="e54c4302-6763-8eef-7764-76bf789823fb">
      <Css projectStructure="" iteration="" />
      <Owners>
        <Owner name="" />
      </Owners>
      <Execution id="6eb82767-46be-4b2e-a27c-2cb0ed426088" />
      <TestMethod codeBase="D:\Documents\Development\2-Player Chess - New Engine\ChessGame\ChessGameLib.Test\bin\Debug\ChessGameLib.Test.dll" adapterTypeName="Microsoft.VisualStudio.TestTools.TestTypes.Unit.UnitTestAdapter, Microsoft.VisualStudio.QualityTools.Tips.UnitTest.Adapter, Version=9.0.0.0, Culture=neutral, PublicKeyToken=b03f5f7f11d50a3a" className="ChessGameLib.Test.EloTest, ChessGameLib.Test" name="TestEloDrawHigher" />
    </UnitTest>
  </TestDefinitions>
  <TestLists>
    <TestList name="Results Not in a List" id="8c84fa94-04c1-424b-9868-57a2d4851a1d" />
    <TestList name="All Loaded Results" id="19431567-8539-422a-85d7-44ee4e166bda" />
  </TestLists>
  <TestEntries>
    <TestEntry testId="11fae8d9-ccb4-7d7a-e80c-8ae5c16e23c2" executionId="c2926648-73e6-4e9d-9afb-59c4c0c2c7fb" testListId="8c84fa94-04c1-424b-9868-57a2d4851a1d" />
    <TestEntry testId="1ea56efe-29a7-c41e-8b4f-e92c908ed160" executionId="bfaf1d55-0e97-4ea8-bc57-a1eb389ed221" testListId="8c84fa94-04c1-424b-9868-57a2d4851a1d" />
    <TestEntry testId="20416769-a17d-cce0-b09a-1729b9bea58e" executionId="de28ba4f-6090-4f5e-b8e6-2888557c5770" testListId="8c84fa94-04c1-424b-9868-57a2d4851a1d" />
    <TestEntry testId="25019b72-d149-ffea-f28e-b1a59ae50d6c" executionId="b4a32fa1-f838-4ea3-848c-ea4e0c3580f6" testListId="8c84fa94-04c1-424b-9868-57a2d4851a1d" />
    <TestEntry testId="282cfed9-13ec-86b3-ab50-1067eca9207f" executionId="cae7e9ce-aef1-4504-a0e9-291b82146d3a" testListId="8c84fa94-04c1-424b-9868-57a2d4851a1d" />
    <TestEntry testId="2aafeb69-55fd-f149-332f-39f1ece146bf" executionId="0da41192-3ebd-4ae7-acfc-878bb0d2f4e4" testListId="8c84fa94-04c1-424b-9868-57a2d4851a1d" />
    <TestEntry testId="346548ab-9e9f-b358-9be4-2fa0a7880357" executionId="86c7867b-e390-4103-b9cb-62bf8f438b5d" testListId="8c84fa94-04c1-424b-9868-57a2d4851a1d" />
    <TestEntry testId="361a2c15-4903-0dcc-e852-1f1bb7e3d573" executionId="8422e4c9-2df7-4df3-8590-991700a936d9" testListId="8c84fa94-04c1-424b-9868-57a2d4851a1d" />
    <TestEntry testId="3a9820c9-7f32-03e8-abab-08d461fa78aa" executionId="c23c0b84-cddd-46ec-8f0d-60d34ff3dd9f" testListId="8c84fa94-04c1-424b-9868-57a2d4851a1d" />
    <TestEntry testId="4067d726-029b-d64d-be5e-0173ae1e472f" executionId="ed054967-55aa-4f68-899b-a4e86360bfba" testListId="8c84fa94-04c1-424b-9868-57a2d4851a1d" />
    <TestEntry testId="521b0daf-0a93-456b-f3c1-eafb7701d031" executionId="d504d098-80d1-486d-aa7d-f869e093f6bf" testListId="8c84fa94-04c1-424b-9868-57a2d4851a1d" />
    <TestEntry testId="59fb97fd-0926-cbb1-e498-664825d78d6f" executionId="489579ad-f15a-4127-96ac-bf2de07015fd" testListId="8c84fa94-04c1-424b-9868-57a2d4851a1d" />
    <TestEntry testId="6e68234d-eb82-8663-44a1-64d050a02568" executionId="afcc3077-fef5-4ed6-8f75-5ab9c84d4a7c" testListId="8c84fa94-04c1-424b-9868-57a2d4851a1d" />
    <TestEntry testId="73f9b3c4-9390-5a5e-1010-bc4cc3c0e394" executionId="d78d8d21-2ce4-4ac0-bcc7-b22b98de99a9" testListId="8c84fa94-04c1-424b-9868-57a2d4851a1d" />
    <TestEntry testId="a28e5afa-ac1f-3183-a503-5aae3856596d" executionId="246850b5-02bd-482b-ab93-34c274f79ba9" testListId="8c84fa94-04c1-424b-9868-57a2d4851a1d" />
    <TestEntry testId="a4fc1eff-ece3-3999-fe08-b47f2b9e7d46" executionId="9ba6a203-d617-4f0a-9156-f6c25a60cc5e" testListId="8c84fa94-04c1-424b-9868-57a2d4851a1d" />
    <TestEntry testId="afb4e21b-de84-8013-1451-d223e3f2ef3b" executionId="00b2d31c-42e2-471e-8b7a-f17d21b9f313" testListId="8c84fa94-04c1-424b-9868-57a2d4851a1d" />
    <TestEntry testId="b38bb37a-5172-ee3c-38b6-8fe5de6b9b06" executionId="d16347f9-bd07-423f-8782-17f3ace59be1" testListId="8c84fa94-04c1-424b-9868-57a2d4851a1d" />
    <TestEntry testId="bbdb4c36-5726-4427-2739-687e7f08fae2" executionId="66086b8f-1f31-448c-a46a-5af8da35d7f1" testListId="8c84fa94-04c1-424b-9868-57a2d4851a1d" />
    <TestEntry testId="bccda867-873b-89e1-132a-ab15b9a3380c" executionId="b3757166-991e-4617-944b-a1afefc892b8" testListId="8c84fa94-04c1-424b-9868-57a2d4851a1d" />
    <TestEntry testId="cd3193dd-98af-1ce1-f1cb-940a4d01ba11" executionId="dd91b18f-3c14-48af-8ccc-1019b541080d" testListId="8c84fa94-04c1-424b-9868-57a2d4851a1d" />
    <TestEntry testId="cf9cc314-967e-4b26-2815-cda7abe3335c" executionId="d338834f-ddcb-4335-8c44-d39fd4947a38" testListId="8c84fa94-04c1-424b-9868-57a2d4851a1d" />
    <TestEntry testId="d079c161-d78e-0564-f2bf-f2f8c4937fe3" executionId="e24cee4f-3d28-4190-8ec1-368351ab7ac3" testListId="8c84fa94-04c1-424b-9868-57a2d4851a1d" />
    <TestEntry testId="e54c4302-6763-8eef-7764-76bf789823fb" executionId="6eb82767-46be-4b2e-a27c-2cb0ed426088" testListId="8c84fa94-04c1-424b-9868-57a2d4851a1d" />
  </TestEntries>
  <Results>
    <UnitTestResult executionId="c2926648-73e6-4e9d-9afb-59c4c0c2c7fb" testId="11fae8d9-ccb4-7d7a-e80c-8ae5c16e23c2" testName="TestInvalidUnknownNotation" computerName="STEVEN-PC" duration="00:00:00.0047151" startTime="2011-08-06T14:01:23.6276000-04:00" endTime="2011-08-06T14:01:23.6936000-04:00" testType="13cdc9d9-ddb5-4fa4-a97d-d965ccfc6d4b" outcome="Passed" testListId="8c84fa94-04c1-424b-9868-57a2d4851a1d">
      <Output>
      </Output>
    </UnitTestResult>
    <UnitTestResult executionId="bfaf1d55-0e97-4ea8-bc57-a1eb389ed221" testId="1ea56efe-29a7-c41e-8b4f-e92c908ed160" testName="TestEloDrawLower" computerName="STEVEN-PC" duration="00:00:00.0010664" startTime="2011-08-06T14:01:23.6946000-04:00" endTime="2011-08-06T14:01:23.6996000-04:00" testType="13cdc9d9-ddb5-4fa4-a97d-d965ccfc6d4b" outcome="Passed" testListId="8c84fa94-04c1-424b-9868-57a2d4851a1d">
      <Output>
      </Output>
    </UnitTestResult>
    <UnitTestResult executionId="de28ba4f-6090-4f5e-b8e6-2888557c5770" testId="20416769-a17d-cce0-b09a-1729b9bea58e" testName="TestInvalidTooFewRows" computerName="STEVEN-PC" duration="00:00:00.0003305" startTime="2011-08-06T14:01:23.7026000-04:00" endTime="2011-08-06T14:01:23.7046000-04:00" testType="13cdc9d9-ddb5-4fa4-a97d-d965ccfc6d4b" outcome="Passed" testListId="8c84fa94-04c1-424b-9868-57a2d4851a1d">
      <Output>
      </Output>
    </UnitTestResult>
    <UnitTestResult executionId="b4a32fa1-f838-4ea3-848c-ea4e0c3580f6" testId="25019b72-d149-ffea-f28e-b1a59ae50d6c" testName="TestEloLoseEven" computerName="STEVEN-PC" duration="00:00:00.0003363" startTime="2011-08-06T14:01:23.7076000-04:00" endTime="2011-08-06T14:01:23.7106000-04:00" testType="13cdc9d9-ddb5-4fa4-a97d-d965ccfc6d4b" outcome="Passed" testListId="8c84fa94-04c1-424b-9868-57a2d4851a1d">
      <Output>
      </Output>
    </UnitTestResult>
    <UnitTestResult executionId="cae7e9ce-aef1-4504-a0e9-291b82146d3a" testId="282cfed9-13ec-86b3-ab50-1067eca9207f" testName="TestInvalidTooFewColEmpty" computerName="STEVEN-PC" duration="00:00:00.0003689" startTime="2011-08-06T14:01:23.7116000-04:00" endTime="2011-08-06T14:01:23.7156000-04:00" testType="13cdc9d9-ddb5-4fa4-a97d-d965ccfc6d4b" outcome="Passed" testListId="8c84fa94-04c1-424b-9868-57a2d4851a1d">
      <Output>
      </Output>
    </UnitTestResult>
    <UnitTestResult executionId="0da41192-3ebd-4ae7-acfc-878bb0d2f4e4" testId="2aafeb69-55fd-f149-332f-39f1ece146bf" testName="TestEloLoseHigher" computerName="STEVEN-PC" duration="00:00:00.0003771" startTime="2011-08-06T14:01:23.7166000-04:00" endTime="2011-08-06T14:01:23.7186000-04:00" testType="13cdc9d9-ddb5-4fa4-a97d-d965ccfc6d4b" outcome="Passed" testListId="8c84fa94-04c1-424b-9868-57a2d4851a1d">
      <Output>
      </Output>
    </UnitTestResult>
    <UnitTestResult executionId="86c7867b-e390-4103-b9cb-62bf8f438b5d" testId="346548ab-9e9f-b358-9be4-2fa0a7880357" testName="TestInvalidEndInDelimTooMany" computerName="STEVEN-PC" duration="00:00:00.0002781" startTime="2011-08-06T14:01:23.7196000-04:00" endTime="2011-08-06T14:01:23.7226000-04:00" testType="13cdc9d9-ddb5-4fa4-a97d-d965ccfc6d4b" outcome="Passed" testListId="8c84fa94-04c1-424b-9868-57a2d4851a1d">
      <Output>
      </Output>
    </UnitTestResult>
    <UnitTestResult executionId="8422e4c9-2df7-4df3-8590-991700a936d9" testId="361a2c15-4903-0dcc-e852-1f1bb7e3d573" testName="TestEloModDraw" computerName="STEVEN-PC" duration="00:00:00.0007154" startTime="2011-08-06T14:01:23.7236000-04:00" endTime="2011-08-06T14:01:23.7266000-04:00" testType="13cdc9d9-ddb5-4fa4-a97d-d965ccfc6d4b" outcome="Passed" testListId="8c84fa94-04c1-424b-9868-57a2d4851a1d">
      <Output>
      </Output>
    </UnitTestResult>
    <UnitTestResult executionId="c23c0b84-cddd-46ec-8f0d-60d34ff3dd9f" testId="3a9820c9-7f32-03e8-abab-08d461fa78aa" testName="TestEloWinEven" computerName="STEVEN-PC" duration="00:00:00.0002999" startTime="2011-08-06T14:01:23.7276000-04:00" endTime="2011-08-06T14:01:23.7296000-04:00" testType="13cdc9d9-ddb5-4fa4-a97d-d965ccfc6d4b" outcome="Passed" testListId="8c84fa94-04c1-424b-9868-57a2d4851a1d">
      <Output>
      </Output>
    </UnitTestResult>
    <UnitTestResult executionId="ed054967-55aa-4f68-899b-a4e86360bfba" testId="4067d726-029b-d64d-be5e-0173ae1e472f" testName="TestEloWinHigher" computerName="STEVEN-PC" duration="00:00:00.0003179" startTime="2011-08-06T14:01:23.7296000-04:00" endTime="2011-08-06T14:01:23.7336000-04:00" testType="13cdc9d9-ddb5-4fa4-a97d-d965ccfc6d4b" outcome="Passed" testListId="8c84fa94-04c1-424b-9868-57a2d4851a1d">
      <Output>
      </Output>
    </UnitTestResult>
    <UnitTestResult executionId="d504d098-80d1-486d-aa7d-f869e093f6bf" testId="521b0daf-0a93-456b-f3c1-eafb7701d031" testName="TestEloLoseLower" computerName="STEVEN-PC" duration="00:00:00.0003218" startTime="2011-08-06T14:01:23.7356000-04:00" endTime="2011-08-06T14:01:23.7396000-04:00" testType="13cdc9d9-ddb5-4fa4-a97d-d965ccfc6d4b" outcome="Passed" testListId="8c84fa94-04c1-424b-9868-57a2d4851a1d">
      <Output>
      </Output>
    </UnitTestResult>
    <UnitTestResult executionId="489579ad-f15a-4127-96ac-bf2de07015fd" testId="59fb97fd-0926-cbb1-e498-664825d78d6f" testName="TestInvalidTooManyRows" computerName="STEVEN-PC" duration="00:00:00.0002718" startTime="2011-08-06T14:01:23.7406000-04:00" endTime="2011-08-06T14:01:23.7436000-04:00" testType="13cdc9d9-ddb5-4fa4-a97d-d965ccfc6d4b" outcome="Passed" testListId="8c84fa94-04c1-424b-9868-57a2d4851a1d">
      <Output>
      </Output>
    </UnitTestResult>
    <UnitTestResult executionId="afcc3077-fef5-4ed6-8f75-5ab9c84d4a7c" testId="6e68234d-eb82-8663-44a1-64d050a02568" testName="TestInvalidTooFewColPieces" computerName="STEVEN-PC" duration="00:00:00.0002878" startTime="2011-08-06T14:01:23.7456000-04:00" endTime="2011-08-06T14:01:23.7476000-04:00" testType="13cdc9d9-ddb5-4fa4-a97d-d965ccfc6d4b" outcome="Passed" testListId="8c84fa94-04c1-424b-9868-57a2d4851a1d">
      <Output>
      </Output>
    </UnitTestResult>
    <UnitTestResult executionId="d78d8d21-2ce4-4ac0-bcc7-b22b98de99a9" testId="73f9b3c4-9390-5a5e-1010-bc4cc3c0e394" testName="TestEloDrawEven" computerName="STEVEN-PC" duration="00:00:00.0003135" startTime="2011-08-06T14:01:23.7486000-04:00" endTime="2011-08-06T14:01:23.7516000-04:00" testType="13cdc9d9-ddb5-4fa4-a97d-d965ccfc6d4b" outcome="Passed" testListId="8c84fa94-04c1-424b-9868-57a2d4851a1d">
      <Output>
      </Output>
    </UnitTestResult>
    <UnitTestResult executionId="246850b5-02bd-482b-ab93-34c274f79ba9" testId="a28e5afa-ac1f-3183-a503-5aae3856596d" testName="TestInvalidZeroGap" computerName="STEVEN-PC" duration="00:00:00.0002431" startTime="2011-08-06T14:01:23.7526000-04:00" endTime="2011-08-06T14:01:23.7546000-04:00" testType="13cdc9d9-ddb5-4fa4-a97d-d965ccfc6d4b" outcome="Passed" testListId="8c84fa94-04c1-424b-9868-57a2d4851a1d">
      <Output>
      </Output>
    </UnitTestResult>
    <UnitTestResult executionId="9ba6a203-d617-4f0a-9156-f6c25a60cc5e" testId="a4fc1eff-ece3-3999-fe08-b47f2b9e7d46" testName="TestInvalidConsecutiveGaps" computerName="STEVEN-PC" duration="00:00:00.0048592" startTime="2011-08-06T14:01:23.7556000-04:00" endTime="2011-08-06T14:01:23.7636000-04:00" testType="13cdc9d9-ddb5-4fa4-a97d-d965ccfc6d4b" outcome="Failed" testListId="8c84fa94-04c1-424b-9868-57a2d4851a1d">
      <Output>
        <ErrorInfo>
          <Message>Assert.AreEqual failed. Expected:&lt;22&gt;. Actual:&lt;15&gt;. </Message>
          <StackTrace>   at ChessGameLib.Test.FenUnitTest.TestInvalidFen(String fen, String expectedErrMsg, Int32 expectedIndex) in D:\Documents\Development\2-Player Chess - New Engine\ChessGame\ChessGameLib.Test\FenUnitTest.cs:line 235
   at ChessGameLib.Test.FenUnitTest.TestInvalidConsecutiveGaps() in D:\Documents\Development\2-Player Chess - New Engine\ChessGame\ChessGameLib.Test\FenUnitTest.cs:line 199
</StackTrace>
        </ErrorInfo>
      </Output>
    </UnitTestResult>
    <UnitTestResult executionId="00b2d31c-42e2-471e-8b7a-f17d21b9f313" testId="afb4e21b-de84-8013-1451-d223e3f2ef3b" testName="TestEloModLoss" computerName="STEVEN-PC" duration="00:00:00.0002475" startTime="2011-08-06T14:01:23.7656000-04:00" endTime="2011-08-06T14:01:23.7676000-04:00" testType="13cdc9d9-ddb5-4fa4-a97d-d965ccfc6d4b" outcome="Passed" testListId="8c84fa94-04c1-424b-9868-57a2d4851a1d">
      <Output>
      </Output>
    </UnitTestResult>
    <UnitTestResult executionId="d16347f9-bd07-423f-8782-17f3ace59be1" testId="b38bb37a-5172-ee3c-38b6-8fe5de6b9b06" testName="TestInvalidEndInDelimTooFew" computerName="STEVEN-PC" duration="00:00:00.0010232" startTime="2011-08-06T14:01:23.7686000-04:00" endTime="2011-08-06T14:01:23.7726000-04:00" testType="13cdc9d9-ddb5-4fa4-a97d-d965ccfc6d4b" outcome="Failed" testListId="8c84fa94-04c1-424b-9868-57a2d4851a1d">
      <Output>
        <ErrorInfo>
          <Message>Assert.AreEqual failed. Expected:&lt;15&gt;. Actual:&lt;-1&gt;. </Message>
          <StackTrace>   at ChessGameLib.Test.FenUnitTest.TestInvalidFen(String fen, String expectedErrMsg, Int32 expectedIndex) in D:\Documents\Development\2-Player Chess - New Engine\ChessGame\ChessGameLib.Test\FenUnitTest.cs:line 235
   at ChessGameLib.Test.FenUnitTest.TestInvalidEndInDelimTooFew() in D:\Documents\Development\2-Player Chess - New Engine\ChessGame\ChessGameLib.Test\FenUnitTest.cs:line 144
</StackTrace>
        </ErrorInfo>
      </Output>
    </UnitTestResult>
    <UnitTestResult executionId="66086b8f-1f31-448c-a46a-5af8da35d7f1" testId="bbdb4c36-5726-4427-2739-687e7f08fae2" testName="TestEloWinLower" computerName="STEVEN-PC" duration="00:00:00.0003329" startTime="2011-08-06T14:01:23.7736000-04:00" endTime="2011-08-06T14:01:23.7776000-04:00" testType="13cdc9d9-ddb5-4fa4-a97d-d965ccfc6d4b" outcome="Passed" testListId="8c84fa94-04c1-424b-9868-57a2d4851a1d">
      <Output>
      </Output>
    </UnitTestResult>
    <UnitTestResult executionId="b3757166-991e-4617-944b-a1afefc892b8" testId="bccda867-873b-89e1-132a-ab15b9a3380c" testName="TestEloModWin" computerName="STEVEN-PC" duration="00:00:00.0002499" startTime="2011-08-06T14:01:23.7786000-04:00" endTime="2011-08-06T14:01:23.7816000-04:00" testType="13cdc9d9-ddb5-4fa4-a97d-d965ccfc6d4b" outcome="Passed" testListId="8c84fa94-04c1-424b-9868-57a2d4851a1d">
      <Output>
      </Output>
    </UnitTestResult>
    <UnitTestResult executionId="dd91b18f-3c14-48af-8ccc-1019b541080d" testId="cd3193dd-98af-1ce1-f1cb-940a4d01ba11" testName="TestInvalidTooManyColEmpty" computerName="STEVEN-PC" duration="00:00:00.0010368" startTime="2011-08-06T14:01:23.7826000-04:00" endTime="2011-08-06T14:01:23.7856000-04:00" testType="13cdc9d9-ddb5-4fa4-a97d-d965ccfc6d4b" outcome="Failed" testListId="8c84fa94-04c1-424b-9868-57a2d4851a1d">
      <Output>
        <ErrorInfo>
          <Message>Assert.AreEqual failed. Expected:&lt;15&gt;. Actual:&lt;12&gt;. </Message>
          <StackTrace>   at ChessGameLib.Test.FenUnitTest.TestInvalidFen(String fen, String expectedErrMsg, Int32 expectedIndex) in D:\Documents\Development\2-Player Chess - New Engine\ChessGame\ChessGameLib.Test\FenUnitTest.cs:line 235
   at ChessGameLib.Test.FenUnitTest.TestInvalidTooManyColEmpty() in D:\Documents\Development\2-Player Chess - New Engine\ChessGame\ChessGameLib.Test\FenUnitTest.cs:line 171
</StackTrace>
        </ErrorInfo>
      </Output>
    </UnitTestResult>
    <UnitTestResult executionId="d338834f-ddcb-4335-8c44-d39fd4947a38" testId="cf9cc314-967e-4b26-2815-cda7abe3335c" testName="TestInvalidTooManyColPieces" computerName="STEVEN-PC" duration="00:00:00.0010683" startTime="2011-08-06T14:01:23.7876000-04:00" endTime="2011-08-06T14:01:23.7916000-04:00" testType="13cdc9d9-ddb5-4fa4-a97d-d965ccfc6d4b" outcome="Failed" testListId="8c84fa94-04c1-424b-9868-57a2d4851a1d">
      <Output>
        <ErrorInfo>
          <Message>Assert.AreEqual failed. Expected:&lt;23&gt;. Actual:&lt;20&gt;. </Message>
          <StackTrace>   at ChessGameLib.Test.FenUnitTest.TestInvalidFen(String fen, String expectedErrMsg, Int32 expectedIndex) in D:\Documents\Development\2-Player Chess - New Engine\ChessGame\ChessGameLib.Test\FenUnitTest.cs:line 235
   at ChessGameLib.Test.FenUnitTest.TestInvalidTooManyColPieces() in D:\Documents\Development\2-Player Chess - New Engine\ChessGame\ChessGameLib.Test\FenUnitTest.cs:line 180
</StackTrace>
        </ErrorInfo>
      </Output>
    </UnitTestResult>
    <UnitTestResult executionId="e24cee4f-3d28-4190-8ec1-368351ab7ac3" testId="d079c161-d78e-0564-f2bf-f2f8c4937fe3" testName="TestFromFenValid" computerName="STEVEN-PC" duration="00:00:00.0019750" startTime="2011-08-06T14:01:23.7926000-04:00" endTime="2011-08-06T14:01:23.7966000-04:00" testType="13cdc9d9-ddb5-4fa4-a97d-d965ccfc6d4b" outcome="Passed" testListId="8c84fa94-04c1-424b-9868-57a2d4851a1d">
      <Output>
      </Output>
    </UnitTestResult>
    <UnitTestResult executionId="6eb82767-46be-4b2e-a27c-2cb0ed426088" testId="e54c4302-6763-8eef-7764-76bf789823fb" testName="TestEloDrawHigher" computerName="STEVEN-PC" duration="00:00:00.0003533" startTime="2011-08-06T14:01:23.7986000-04:00" endTime="2011-08-06T14:01:23.8016000-04:00" testType="13cdc9d9-ddb5-4fa4-a97d-d965ccfc6d4b" outcome="Passed" testListId="8c84fa94-04c1-424b-9868-57a2d4851a1d">
      <Output>
      </Output>
    </UnitTestResult>
  </Results>
</TestRun>