<?xml version="1.0" encoding="UTF-8"?>
<TestRun id="bc27efe9-8a11-44af-a0a8-4a8a0ad05ed0" name="Steven@STEVEN-PC 2011-08-07 08:58:25" runUser="Steven-PC\Steven" xmlns="http://microsoft.com/schemas/VisualStudio/TeamTest/2006">
  <TestRunConfiguration name="Local Test Run" id="07abd846-44fb-41a5-be67-815623a78258">
    <Description>This is a default test run configuration for a local test run.</Description>
    <Deployment runDeploymentRoot="D:\Documents\Development\2-Player Chess - New Engine\ChessGame\TestResults\Steven_STEVEN-PC 2011-08-07 08_58_25">
      <DeploymentItem filename="D:\Documents\Development\2-Player Chess - New Engine\ChessGame\ChessGameLib\bin\Debug\ChessGameLib.dll" />
    </Deployment>
    <TestTypeSpecific />
  </TestRunConfiguration>
  <ResultSummary outcome="Completed">
    <Counters total="1" executed="1" passed="1" error="0" failed="0" timeout="0" aborted="0" inconclusive="0" passedButRunAborted="0" notRunnable="0" notExecuted="0" disconnected="0" warning="0" completed="0" inProgress="0" pending="0" />
  </ResultSummary>
  <Times creation="2011-08-07T08:58:25.4580000-04:00" queuing="2011-08-07T08:58:26.7540000-04:00" start="2011-08-07T08:58:27.0420000-04:00" finish="2011-08-07T08:58:27.6890000-04:00" />
  <TestDefinitions>
    <UnitTest name="TestRemovePositionCoord" storage="d:\documents\development\2-player chess - new engine\chessgame\chessgamelib.test\bin\debug\chessgamelib.test.dll" id="9ed0bdee-90be-b1a7-4219-1f5fa2daaa73">
      <Css projectStructure="" iteration="" />
      <Owners>
        <Owner name="" />
      </Owners>
      <Execution id="82ff66ac-8ad3-42da-a001-dd7465c41d14" />
      <TestMethod codeBase="D:\Documents\Development\2-Player Chess - New Engine\ChessGame\ChessGameLib.Test\bin\Debug\ChessGameLib.Test.dll" adapterTypeName="Microsoft.VisualStudio.TestTools.TestTypes.Unit.UnitTestAdapter, Microsoft.VisualStudio.QualityTools.Tips.UnitTest.Adapter, Version=9.0.0.0, Culture=neutral, PublicKeyToken=b03f5f7f11d50a3a" className="ChessGameLib.Test.BitBoardTest, ChessGameLib.Test" name="TestRemovePositionCoord" />
    </UnitTest>
  </TestDefinitions>
  <TestLists>
    <TestList name="Results Not in a List" id="8c84fa94-04c1-424b-9868-57a2d4851a1d" />
    <TestList name="All Loaded Results" id="19431567-8539-422a-85d7-44ee4e166bda" />
  </TestLists>
  <TestEntries>
    <TestEntry testId="9ed0bdee-90be-b1a7-4219-1f5fa2daaa73" executionId="82ff66ac-8ad3-42da-a001-dd7465c41d14" testListId="8c84fa94-04c1-424b-9868-57a2d4851a1d" />
  </TestEntries>
  <Results>
    <UnitTestResult executionId="82ff66ac-8ad3-42da-a001-dd7465c41d14" testId="9ed0bdee-90be-b1a7-4219-1f5fa2daaa73" testName="TestRemovePositionCoord" computerName="STEVEN-PC" duration="00:00:00.0131148" startTime="2011-08-07T08:58:27.1870000-04:00" endTime="2011-08-07T08:58:27.6250000-04:00" testType="13cdc9d9-ddb5-4fa4-a97d-d965ccfc6d4b" outcome="Passed" testListId="8c84fa94-04c1-424b-9868-57a2d4851a1d">
      <Output>
      </Output>
    </UnitTestResult>
  </Results>
</TestRun>