<?xml version="1.0" encoding="UTF-8"?>
<TestRun id="427b209f-d0a2-4c7e-9510-6ebc012c88eb" name="Steven@STEVEN-PC 2011-08-06 13:39:05" runUser="Steven-PC\Steven" xmlns="http://microsoft.com/schemas/VisualStudio/TeamTest/2006">
  <TestRunConfiguration name="Local Test Run" id="07abd846-44fb-41a5-be67-815623a78258">
    <Description>This is a default test run configuration for a local test run.</Description>
    <Deployment runDeploymentRoot="D:\Documents\Development\2-Player Chess - New Engine\ChessGame\TestResults\Steven_STEVEN-PC 2011-08-06 13_39_05">
      <DeploymentItem filename="D:\Documents\Development\2-Player Chess - New Engine\ChessGame\ChessGameLib\bin\Debug\ChessGameLib.dll" />
    </Deployment>
    <TestTypeSpecific />
  </TestRunConfiguration>
  <ResultSummary outcome="Failed">
    <Counters total="23" executed="23" passed="22" error="0" failed="1" timeout="0" aborted="0" inconclusive="0" passedButRunAborted="0" notRunnable="0" notExecuted="0" disconnected="0" warning="0" completed="0" inProgress="0" pending="0" />
  </ResultSummary>
  <Times creation="2011-08-06T13:39:05.8716000-04:00" queuing="2011-08-06T13:39:07.0966000-04:00" start="2011-08-06T13:39:07.3476000-04:00" finish="2011-08-06T13:39:08.2326000-04:00" />
  <TestDefinitions>
    <UnitTest name="TestEloWinEven" storage="d:\documents\development\2-player chess - new engine\chessgame\chessgamelib.test\bin\debug\chessgamelib.test.dll" id="3a9820c9-7f32-03e8-abab-08d461fa78aa">
      <Css projectStructure="" iteration="" />
      <Owners>
        <Owner name="" />
      </Owners>
      <Execution id="0fe7c157-f93a-405e-8f49-6070a10456a9" />
      <TestMethod codeBase="D:\Documents\Development\2-Player Chess - New Engine\ChessGame\ChessGameLib.Test\bin\Debug\ChessGameLib.Test.dll" adapterTypeName="Microsoft.VisualStudio.TestTools.TestTypes.Unit.UnitTestAdapter, Microsoft.VisualStudio.QualityTools.Tips.UnitTest.Adapter, Version=9.0.0.0, Culture=neutral, PublicKeyToken=b03f5f7f11d50a3a" className="ChessGameLib.Test.EloTest, ChessGameLib.Test" name="TestEloWinEven" />
    </UnitTest>
    <UnitTest name="TestInvalidTooFewColPieces" storage="d:\documents\development\2-player chess - new engine\chessgame\chessgamelib.test\bin\debug\chessgamelib.test.dll" id="6e68234d-eb82-8663-44a1-64d050a02568">
      <Css projectStructure="" iteration="" />
      <Owners>
        <Owner name="" />
      </Owners>
      <Execution id="1ea28e53-34a2-4ba2-9fce-411ed06978fe" />
      <TestMethod codeBase="D:\Documents\Development\2-Player Chess - New Engine\ChessGame\ChessGameLib.Test\bin\Debug\ChessGameLib.Test.dll" adapterTypeName="Microsoft.VisualStudio.TestTools.TestTypes.Unit.UnitTestAdapter, Microsoft.VisualStudio.QualityTools.Tips.UnitTest.Adapter, Version=9.0.0.0, Culture=neutral, PublicKeyToken=b03f5f7f11d50a3a" className="ChessGameLib.Test.FenUnitTest, ChessGameLib.Test" name="TestInvalidTooFewColPieces" />
    </UnitTest>
    <UnitTest name="TestInvalidEndInDelimTooFew" storage="d:\documents\development\2-player chess - new engine\chessgame\chessgamelib.test\bin\debug\chessgamelib.test.dll" id="b38bb37a-5172-ee3c-38b6-8fe5de6b9b06">
      <Css projectStructure="" iteration="" />
      <Owners>
        <Owner name="" />
      </Owners>
      <Execution id="e245431a-3f3c-4ea9-bd2c-85684aa70074" />
      <TestMethod codeBase="D:\Documents\Development\2-Player Chess - New Engine\ChessGame\ChessGameLib.Test\bin\Debug\ChessGameLib.Test.dll" adapterTypeName="Microsoft.VisualStudio.TestTools.TestTypes.Unit.UnitTestAdapter, Microsoft.VisualStudio.QualityTools.Tips.UnitTest.Adapter, Version=9.0.0.0, Culture=neutral, PublicKeyToken=b03f5f7f11d50a3a" className="ChessGameLib.Test.FenUnitTest, ChessGameLib.Test" name="TestInvalidEndInDelimTooFew" />
    </UnitTest>
    <UnitTest name="TestEloWinLower" storage="d:\documents\development\2-player chess - new engine\chessgame\chessgamelib.test\bin\debug\chessgamelib.test.dll" id="bbdb4c36-5726-4427-2739-687e7f08fae2">
      <Css projectStructure="" iteration="" />
      <Owners>
        <Owner name="" />
      </Owners>
      <Execution id="99956d7d-5576-4e5a-9546-65969d5d0c58" />
      <TestMethod codeBase="D:\Documents\Development\2-Player Chess - New Engine\ChessGame\ChessGameLib.Test\bin\Debug\ChessGameLib.Test.dll" adapterTypeName="Microsoft.VisualStudio.TestTools.TestTypes.Unit.UnitTestAdapter, Microsoft.VisualStudio.QualityTools.Tips.UnitTest.Adapter, Version=9.0.0.0, Culture=neutral, PublicKeyToken=b03f5f7f11d50a3a" className="ChessGameLib.Test.EloTest, ChessGameLib.Test" name="TestEloWinLower" />
    </UnitTest>
    <UnitTest name="TestInvalidTooManyRows" storage="d:\documents\development\2-player chess - new engine\chessgame\chessgamelib.test\bin\debug\chessgamelib.test.dll" id="59fb97fd-0926-cbb1-e498-664825d78d6f">
      <Css projectStructure="" iteration="" />
      <Owners>
        <Owner name="" />
      </Owners>
      <Execution id="235df59e-20b9-42a8-a7bf-f524343c3986" />
      <TestMethod codeBase="D:\Documents\Development\2-Player Chess - New Engine\ChessGame\ChessGameLib.Test\bin\Debug\ChessGameLib.Test.dll" adapterTypeName="Microsoft.VisualStudio.TestTools.TestTypes.Unit.UnitTestAdapter, Microsoft.VisualStudio.QualityTools.Tips.UnitTest.Adapter, Version=9.0.0.0, Culture=neutral, PublicKeyToken=b03f5f7f11d50a3a" className="ChessGameLib.Test.FenUnitTest, ChessGameLib.Test" name="TestInvalidTooManyRows" />
    </UnitTest>
    <UnitTest name="TestEloModLoss" storage="d:\documents\development\2-player chess - new engine\chessgame\chessgamelib.test\bin\debug\chessgamelib.test.dll" id="afb4e21b-de84-8013-1451-d223e3f2ef3b">
      <Css projectStructure="" iteration="" />
      <Owners>
        <Owner name="" />
      </Owners>
      <Execution id="6f69e25f-91ce-49a5-9afc-434d8dde43db" />
      <TestMethod codeBase="D:\Documents\Development\2-Player Chess - New Engine\ChessGame\ChessGameLib.Test\bin\Debug\ChessGameLib.Test.dll" adapterTypeName="Microsoft.VisualStudio.TestTools.TestTypes.Unit.UnitTestAdapter, Microsoft.VisualStudio.QualityTools.Tips.UnitTest.Adapter, Version=9.0.0.0, Culture=neutral, PublicKeyToken=b03f5f7f11d50a3a" className="ChessGameLib.Test.EloTest, ChessGameLib.Test" name="TestEloModLoss" />
    </UnitTest>
    <UnitTest name="TestEloLoseEven" storage="d:\documents\development\2-player chess - new engine\chessgame\chessgamelib.test\bin\debug\chessgamelib.test.dll" id="25019b72-d149-ffea-f28e-b1a59ae50d6c">
      <Css projectStructure="" iteration="" />
      <Owners>
        <Owner name="" />
      </Owners>
      <Execution id="71788852-15a9-45d2-bd15-d28bf82fceba" />
      <TestMethod codeBase="D:\Documents\Development\2-Player Chess - New Engine\ChessGame\ChessGameLib.Test\bin\Debug\ChessGameLib.Test.dll" adapterTypeName="Microsoft.VisualStudio.TestTools.TestTypes.Unit.UnitTestAdapter, Microsoft.VisualStudio.QualityTools.Tips.UnitTest.Adapter, Version=9.0.0.0, Culture=neutral, PublicKeyToken=b03f5f7f11d50a3a" className="ChessGameLib.Test.EloTest, ChessGameLib.Test" name="TestEloLoseEven" />
    </UnitTest>
    <UnitTest name="TestInvalidEndInDelimTooMany" storage="d:\documents\development\2-player chess - new engine\chessgame\chessgamelib.test\bin\debug\chessgamelib.test.dll" id="346548ab-9e9f-b358-9be4-2fa0a7880357">
      <Css projectStructure="" iteration="" />
      <Owners>
        <Owner name="" />
      </Owners>
      <Execution id="bb985c4d-064d-45ef-ab82-633ae56f3b98" />
      <TestMethod codeBase="D:\Documents\Development\2-Player Chess - New Engine\ChessGame\ChessGameLib.Test\bin\Debug\ChessGameLib.Test.dll" adapterTypeName="Microsoft.VisualStudio.TestTools.TestTypes.Unit.UnitTestAdapter, Microsoft.VisualStudio.QualityTools.Tips.UnitTest.Adapter, Version=9.0.0.0, Culture=neutral, PublicKeyToken=b03f5f7f11d50a3a" className="ChessGameLib.Test.FenUnitTest, ChessGameLib.Test" name="TestInvalidEndInDelimTooMany" />
    </UnitTest>
    <UnitTest name="TestEloLoseLower" storage="d:\documents\development\2-player chess - new engine\chessgame\chessgamelib.test\bin\debug\chessgamelib.test.dll" id="521b0daf-0a93-456b-f3c1-eafb7701d031">
      <Css projectStructure="" iteration="" />
      <Owners>
        <Owner name="" />
      </Owners>
      <Execution id="abe15ea8-9467-49a0-913d-85e7898228da" />
      <TestMethod codeBase="D:\Documents\Development\2-Player Chess - New Engine\ChessGame\ChessGameLib.Test\bin\Debug\ChessGameLib.Test.dll" adapterTypeName="Microsoft.VisualStudio.TestTools.TestTypes.Unit.UnitTestAdapter, Microsoft.VisualStudio.QualityTools.Tips.UnitTest.Adapter, Version=9.0.0.0, Culture=neutral, PublicKeyToken=b03f5f7f11d50a3a" className="ChessGameLib.Test.EloTest, ChessGameLib.Test" name="TestEloLoseLower" />
    </UnitTest>
    <UnitTest name="TestEloModWin" storage="d:\documents\development\2-player chess - new engine\chessgame\chessgamelib.test\bin\debug\chessgamelib.test.dll" id="bccda867-873b-89e1-132a-ab15b9a3380c">
      <Css projectStructure="" iteration="" />
      <Owners>
        <Owner name="" />
      </Owners>
      <Execution id="7f2f92de-7b24-4dbe-af8d-6067f6f4ee6d" />
      <TestMethod codeBase="D:\Documents\Development\2-Player Chess - New Engine\ChessGame\ChessGameLib.Test\bin\Debug\ChessGameLib.Test.dll" adapterTypeName="Microsoft.VisualStudio.TestTools.TestTypes.Unit.UnitTestAdapter, Microsoft.VisualStudio.QualityTools.Tips.UnitTest.Adapter, Version=9.0.0.0, Culture=neutral, PublicKeyToken=b03f5f7f11d50a3a" className="ChessGameLib.Test.EloTest, ChessGameLib.Test" name="TestEloModWin" />
    </UnitTest>
    <UnitTest name="TestEloDrawEven" storage="d:\documents\development\2-player chess - new engine\chessgame\chessgamelib.test\bin\debug\chessgamelib.test.dll" id="73f9b3c4-9390-5a5e-1010-bc4cc3c0e394">
      <Css projectStructure="" iteration="" />
      <Owners>
        <Owner name="" />
      </Owners>
      <Execution id="c4e80bc7-258a-4e50-9570-6f7f8547d0c8" />
      <TestMethod codeBase="D:\Documents\Development\2-Player Chess - New Engine\ChessGame\ChessGameLib.Test\bin\Debug\ChessGameLib.Test.dll" adapterTypeName="Microsoft.VisualStudio.TestTools.TestTypes.Unit.UnitTestAdapter, Microsoft.VisualStudio.QualityTools.Tips.UnitTest.Adapter, Version=9.0.0.0, Culture=neutral, PublicKeyToken=b03f5f7f11d50a3a" className="ChessGameLib.Test.EloTest, ChessGameLib.Test" name="TestEloDrawEven" />
    </UnitTest>
    <UnitTest name="TestInvalidTooManyColPieces" storage="d:\documents\development\2-player chess - new engine\chessgame\chessgamelib.test\bin\debug\chessgamelib.test.dll" id="cf9cc314-967e-4b26-2815-cda7abe3335c">
      <Css projectStructure="" iteration="" />
      <Owners>
        <Owner name="" />
      </Owners>
      <Execution id="25926176-b58d-4445-99b5-5faba0d2b37a" />
      <TestMethod codeBase="D:\Documents\Development\2-Player Chess - New Engine\ChessGame\ChessGameLib.Test\bin\Debug\ChessGameLib.Test.dll" adapterTypeName="Microsoft.VisualStudio.TestTools.TestTypes.Unit.UnitTestAdapter, Microsoft.VisualStudio.QualityTools.Tips.UnitTest.Adapter, Version=9.0.0.0, Culture=neutral, PublicKeyToken=b03f5f7f11d50a3a" className="ChessGameLib.Test.FenUnitTest, ChessGameLib.Test" name="TestInvalidTooManyColPieces" />
    </UnitTest>
    <UnitTest name="TestInvalidTooFewRows" storage="d:\documents\development\2-player chess - new engine\chessgame\chessgamelib.test\bin\debug\chessgamelib.test.dll" id="20416769-a17d-cce0-b09a-1729b9bea58e">
      <Css projectStructure="" iteration="" />
      <Owners>
        <Owner name="" />
      </Owners>
      <Execution id="7f1bc385-e122-4929-939a-3157b4a53ba5" />
      <TestMethod codeBase="D:\Documents\Development\2-Player Chess - New Engine\ChessGame\ChessGameLib.Test\bin\Debug\ChessGameLib.Test.dll" adapterTypeName="Microsoft.VisualStudio.TestTools.TestTypes.Unit.UnitTestAdapter, Microsoft.VisualStudio.QualityTools.Tips.UnitTest.Adapter, Version=9.0.0.0, Culture=neutral, PublicKeyToken=b03f5f7f11d50a3a" className="ChessGameLib.Test.FenUnitTest, ChessGameLib.Test" name="TestInvalidTooFewRows" />
    </UnitTest>
    <UnitTest name="TestEloDrawLower" storage="d:\documents\development\2-player chess - new engine\chessgame\chessgamelib.test\bin\debug\chessgamelib.test.dll" id="1ea56efe-29a7-c41e-8b4f-e92c908ed160">
      <Css projectStructure="" iteration="" />
      <Owners>
        <Owner name="" />
      </Owners>
      <Execution id="4bcb1206-c052-44b0-a80b-1bc6e29a8b5a" />
      <TestMethod codeBase="D:\Documents\Development\2-Player Chess - New Engine\ChessGame\ChessGameLib.Test\bin\Debug\ChessGameLib.Test.dll" adapterTypeName="Microsoft.VisualStudio.TestTools.TestTypes.Unit.UnitTestAdapter, Microsoft.VisualStudio.QualityTools.Tips.UnitTest.Adapter, Version=9.0.0.0, Culture=neutral, PublicKeyToken=b03f5f7f11d50a3a" className="ChessGameLib.Test.EloTest, ChessGameLib.Test" name="TestEloDrawLower" />
    </UnitTest>
    <UnitTest name="TestInvalidTooFewColEmpty" storage="d:\documents\development\2-player chess - new engine\chessgame\chessgamelib.test\bin\debug\chessgamelib.test.dll" id="282cfed9-13ec-86b3-ab50-1067eca9207f">
      <Css projectStructure="" iteration="" />
      <Owners>
        <Owner name="" />
      </Owners>
      <Execution id="6e266cc3-084d-44c2-be5c-013d117d5460" />
      <TestMethod codeBase="D:\Documents\Development\2-Player Chess - New Engine\ChessGame\ChessGameLib.Test\bin\Debug\ChessGameLib.Test.dll" adapterTypeName="Microsoft.VisualStudio.TestTools.TestTypes.Unit.UnitTestAdapter, Microsoft.VisualStudio.QualityTools.Tips.UnitTest.Adapter, Version=9.0.0.0, Culture=neutral, PublicKeyToken=b03f5f7f11d50a3a" className="ChessGameLib.Test.FenUnitTest, ChessGameLib.Test" name="TestInvalidTooFewColEmpty" />
    </UnitTest>
    <UnitTest name="TestEloLoseHigher" storage="d:\documents\development\2-player chess - new engine\chessgame\chessgamelib.test\bin\debug\chessgamelib.test.dll" id="2aafeb69-55fd-f149-332f-39f1ece146bf">
      <Css projectStructure="" iteration="" />
      <Owners>
        <Owner name="" />
      </Owners>
      <Execution id="b712cc03-cb56-4907-a3ec-511ae28a7d89" />
      <TestMethod codeBase="D:\Documents\Development\2-Player Chess - New Engine\ChessGame\ChessGameLib.Test\bin\Debug\ChessGameLib.Test.dll" adapterTypeName="Microsoft.VisualStudio.TestTools.TestTypes.Unit.UnitTestAdapter, Microsoft.VisualStudio.QualityTools.Tips.UnitTest.Adapter, Version=9.0.0.0, Culture=neutral, PublicKeyToken=b03f5f7f11d50a3a" className="ChessGameLib.Test.EloTest, ChessGameLib.Test" name="TestEloLoseHigher" />
    </UnitTest>
    <UnitTest name="TestInvalidConsecutiveGaps" storage="d:\documents\development\2-player chess - new engine\chessgame\chessgamelib.test\bin\debug\chessgamelib.test.dll" id="a4fc1eff-ece3-3999-fe08-b47f2b9e7d46">
      <Css projectStructure="" iteration="" />
      <Owners>
        <Owner name="" />
      </Owners>
      <Execution id="2eae0d46-c104-48e2-9d7b-93591fe6b802" />
      <TestMethod codeBase="D:\Documents\Development\2-Player Chess - New Engine\ChessGame\ChessGameLib.Test\bin\Debug\ChessGameLib.Test.dll" adapterTypeName="Microsoft.VisualStudio.TestTools.TestTypes.Unit.UnitTestAdapter, Microsoft.VisualStudio.QualityTools.Tips.UnitTest.Adapter, Version=9.0.0.0, Culture=neutral, PublicKeyToken=b03f5f7f11d50a3a" className="ChessGameLib.Test.FenUnitTest, ChessGameLib.Test" name="TestInvalidConsecutiveGaps" />
    </UnitTest>
    <UnitTest name="TestInvalidZeroGap" storage="d:\documents\development\2-player chess - new engine\chessgame\chessgamelib.test\bin\debug\chessgamelib.test.dll" id="a28e5afa-ac1f-3183-a503-5aae3856596d">
      <Css projectStructure="" iteration="" />
      <Owners>
        <Owner name="" />
      </Owners>
      <Execution id="c45704eb-2c67-4c01-a0ac-20e954ebf3e7" />
      <TestMethod codeBase="D:\Documents\Development\2-Player Chess - New Engine\ChessGame\ChessGameLib.Test\bin\Debug\ChessGameLib.Test.dll" adapterTypeName="Microsoft.VisualStudio.TestTools.TestTypes.Unit.UnitTestAdapter, Microsoft.VisualStudio.QualityTools.Tips.UnitTest.Adapter, Version=9.0.0.0, Culture=neutral, PublicKeyToken=b03f5f7f11d50a3a" className="ChessGameLib.Test.FenUnitTest, ChessGameLib.Test" name="TestInvalidZeroGap" />
    </UnitTest>
    <UnitTest name="TestEloWinHigher" storage="d:\documents\development\2-player chess - new engine\chessgame\chessgamelib.test\bin\debug\chessgamelib.test.dll" id="4067d726-029b-d64d-be5e-0173ae1e472f">
      <Css projectStructure="" iteration="" />
      <Owners>
        <Owner name="" />
      </Owners>
      <Execution id="24d8b691-5172-45dd-9584-7a28b8ed8dc8" />
      <TestMethod codeBase="D:\Documents\Development\2-Player Chess - New Engine\ChessGame\ChessGameLib.Test\bin\Debug\ChessGameLib.Test.dll" adapterTypeName="Microsoft.VisualStudio.TestTools.TestTypes.Unit.UnitTestAdapter, Microsoft.VisualStudio.QualityTools.Tips.UnitTest.Adapter, Version=9.0.0.0, Culture=neutral, PublicKeyToken=b03f5f7f11d50a3a" className="ChessGameLib.Test.EloTest, ChessGameLib.Test" name="TestEloWinHigher" />
    </UnitTest>
    <UnitTest name="TestInvalidTooManyColEmpty" storage="d:\documents\development\2-player chess - new engine\chessgame\chessgamelib.test\bin\debug\chessgamelib.test.dll" id="cd3193dd-98af-1ce1-f1cb-940a4d01ba11">
      <Css projectStructure="" iteration="" />
      <Owners>
        <Owner name="" />
      </Owners>
      <Execution id="9400fbfa-0779-45ee-8591-506f24db4b3c" />
      <TestMethod codeBase="D:\Documents\Development\2-Player Chess - New Engine\ChessGame\ChessGameLib.Test\bin\Debug\ChessGameLib.Test.dll" adapterTypeName="Microsoft.VisualStudio.TestTools.TestTypes.Unit.UnitTestAdapter, Microsoft.VisualStudio.QualityTools.Tips.UnitTest.Adapter, Version=9.0.0.0, Culture=neutral, PublicKeyToken=b03f5f7f11d50a3a" className="ChessGameLib.Test.FenUnitTest, ChessGameLib.Test" name="TestInvalidTooManyColEmpty" />
    </UnitTest>
    <UnitTest name="TestFromFenValid" storage="d:\documents\development\2-player chess - new engine\chessgame\chessgamelib.test\bin\debug\chessgamelib.test.dll" id="d079c161-d78e-0564-f2bf-f2f8c4937fe3">
      <Css projectStructure="" iteration="" />
      <Owners>
        <Owner name="" />
      </Owners>
      <Execution id="dc254f6f-f093-4a9e-a728-b5b7c1c00fd0" />
      <TestMethod codeBase="D:\Documents\Development\2-Player Chess - New Engine\ChessGame\ChessGameLib.Test\bin\Debug\ChessGameLib.Test.dll" adapterTypeName="Microsoft.VisualStudio.TestTools.TestTypes.Unit.UnitTestAdapter, Microsoft.VisualStudio.QualityTools.Tips.UnitTest.Adapter, Version=9.0.0.0, Culture=neutral, PublicKeyToken=b03f5f7f11d50a3a" className="ChessGameLib.Test.FenUnitTest, ChessGameLib.Test" name="TestFromFenValid" />
    </UnitTest>
    <UnitTest name="TestEloModDraw" storage="d:\documents\development\2-player chess - new engine\chessgame\chessgamelib.test\bin\debug\chessgamelib.test.dll" id="361a2c15-4903-0dcc-e852-1f1bb7e3d573">
      <Css projectStructure="" iteration="" />
      <Owners>
        <Owner name="" />
      </Owners>
      <Execution id="ead94afd-bfa7-4013-9711-2b60e7a356cf" />
      <TestMethod codeBase="D:\Documents\Development\2-Player Chess - New Engine\ChessGame\ChessGameLib.Test\bin\Debug\ChessGameLib.Test.dll" adapterTypeName="Microsoft.VisualStudio.TestTools.TestTypes.Unit.UnitTestAdapter, Microsoft.VisualStudio.QualityTools.Tips.UnitTest.Adapter, Version=9.0.0.0, Culture=neutral, PublicKeyToken=b03f5f7f11d50a3a" className="ChessGameLib.Test.EloTest, ChessGameLib.Test" name="TestEloModDraw" />
    </UnitTest>
    <UnitTest name="TestEloDrawHigher" storage="d:\documents\development\2-player chess - new engine\chessgame\chessgamelib.test\bin\debug\chessgamelib.test.dll" id="e54c4302-6763-8eef-7764-76bf789823fb">
      <Css projectStructure="" iteration="" />
      <Owners>
        <Owner name="" />
      </Owners>
      <Execution id="63194326-81e9-41b8-90dd-9a52fcbe5080" />
      <TestMethod codeBase="D:\Documents\Development\2-Player Chess - New Engine\ChessGame\ChessGameLib.Test\bin\Debug\ChessGameLib.Test.dll" adapterTypeName="Microsoft.VisualStudio.TestTools.TestTypes.Unit.UnitTestAdapter, Microsoft.VisualStudio.QualityTools.Tips.UnitTest.Adapter, Version=9.0.0.0, Culture=neutral, PublicKeyToken=b03f5f7f11d50a3a" className="ChessGameLib.Test.EloTest, ChessGameLib.Test" name="TestEloDrawHigher" />
    </UnitTest>
  </TestDefinitions>
  <TestLists>
    <TestList name="Results Not in a List" id="8c84fa94-04c1-424b-9868-57a2d4851a1d" />
    <TestList name="All Loaded Results" id="19431567-8539-422a-85d7-44ee4e166bda" />
  </TestLists>
  <TestEntries>
    <TestEntry testId="1ea56efe-29a7-c41e-8b4f-e92c908ed160" executionId="4bcb1206-c052-44b0-a80b-1bc6e29a8b5a" testListId="8c84fa94-04c1-424b-9868-57a2d4851a1d" />
    <TestEntry testId="20416769-a17d-cce0-b09a-1729b9bea58e" executionId="7f1bc385-e122-4929-939a-3157b4a53ba5" testListId="8c84fa94-04c1-424b-9868-57a2d4851a1d" />
    <TestEntry testId="25019b72-d149-ffea-f28e-b1a59ae50d6c" executionId="71788852-15a9-45d2-bd15-d28bf82fceba" testListId="8c84fa94-04c1-424b-9868-57a2d4851a1d" />
    <TestEntry testId="282cfed9-13ec-86b3-ab50-1067eca9207f" executionId="6e266cc3-084d-44c2-be5c-013d117d5460" testListId="8c84fa94-04c1-424b-9868-57a2d4851a1d" />
    <TestEntry testId="2aafeb69-55fd-f149-332f-39f1ece146bf" executionId="b712cc03-cb56-4907-a3ec-511ae28a7d89" testListId="8c84fa94-04c1-424b-9868-57a2d4851a1d" />
    <TestEntry testId="346548ab-9e9f-b358-9be4-2fa0a7880357" executionId="bb985c4d-064d-45ef-ab82-633ae56f3b98" testListId="8c84fa94-04c1-424b-9868-57a2d4851a1d" />
    <TestEntry testId="361a2c15-4903-0dcc-e852-1f1bb7e3d573" executionId="ead94afd-bfa7-4013-9711-2b60e7a356cf" testListId="8c84fa94-04c1-424b-9868-57a2d4851a1d" />
    <TestEntry testId="3a9820c9-7f32-03e8-abab-08d461fa78aa" executionId="0fe7c157-f93a-405e-8f49-6070a10456a9" testListId="8c84fa94-04c1-424b-9868-57a2d4851a1d" />
    <TestEntry testId="4067d726-029b-d64d-be5e-0173ae1e472f" executionId="24d8b691-5172-45dd-9584-7a28b8ed8dc8" testListId="8c84fa94-04c1-424b-9868-57a2d4851a1d" />
    <TestEntry testId="521b0daf-0a93-456b-f3c1-eafb7701d031" executionId="abe15ea8-9467-49a0-913d-85e7898228da" testListId="8c84fa94-04c1-424b-9868-57a2d4851a1d" />
    <TestEntry testId="59fb97fd-0926-cbb1-e498-664825d78d6f" executionId="235df59e-20b9-42a8-a7bf-f524343c3986" testListId="8c84fa94-04c1-424b-9868-57a2d4851a1d" />
    <TestEntry testId="6e68234d-eb82-8663-44a1-64d050a02568" executionId="1ea28e53-34a2-4ba2-9fce-411ed06978fe" testListId="8c84fa94-04c1-424b-9868-57a2d4851a1d" />
    <TestEntry testId="73f9b3c4-9390-5a5e-1010-bc4cc3c0e394" executionId="c4e80bc7-258a-4e50-9570-6f7f8547d0c8" testListId="8c84fa94-04c1-424b-9868-57a2d4851a1d" />
    <TestEntry testId="a28e5afa-ac1f-3183-a503-5aae3856596d" executionId="c45704eb-2c67-4c01-a0ac-20e954ebf3e7" testListId="8c84fa94-04c1-424b-9868-57a2d4851a1d" />
    <TestEntry testId="a4fc1eff-ece3-3999-fe08-b47f2b9e7d46" executionId="2eae0d46-c104-48e2-9d7b-93591fe6b802" testListId="8c84fa94-04c1-424b-9868-57a2d4851a1d" />
    <TestEntry testId="afb4e21b-de84-8013-1451-d223e3f2ef3b" executionId="6f69e25f-91ce-49a5-9afc-434d8dde43db" testListId="8c84fa94-04c1-424b-9868-57a2d4851a1d" />
    <TestEntry testId="b38bb37a-5172-ee3c-38b6-8fe5de6b9b06" executionId="e245431a-3f3c-4ea9-bd2c-85684aa70074" testListId="8c84fa94-04c1-424b-9868-57a2d4851a1d" />
    <TestEntry testId="bbdb4c36-5726-4427-2739-687e7f08fae2" executionId="99956d7d-5576-4e5a-9546-65969d5d0c58" testListId="8c84fa94-04c1-424b-9868-57a2d4851a1d" />
    <TestEntry testId="bccda867-873b-89e1-132a-ab15b9a3380c" executionId="7f2f92de-7b24-4dbe-af8d-6067f6f4ee6d" testListId="8c84fa94-04c1-424b-9868-57a2d4851a1d" />
    <TestEntry testId="cd3193dd-98af-1ce1-f1cb-940a4d01ba11" executionId="9400fbfa-0779-45ee-8591-506f24db4b3c" testListId="8c84fa94-04c1-424b-9868-57a2d4851a1d" />
    <TestEntry testId="cf9cc314-967e-4b26-2815-cda7abe3335c" executionId="25926176-b58d-4445-99b5-5faba0d2b37a" testListId="8c84fa94-04c1-424b-9868-57a2d4851a1d" />
    <TestEntry testId="d079c161-d78e-0564-f2bf-f2f8c4937fe3" executionId="dc254f6f-f093-4a9e-a728-b5b7c1c00fd0" testListId="8c84fa94-04c1-424b-9868-57a2d4851a1d" />
    <TestEntry testId="e54c4302-6763-8eef-7764-76bf789823fb" executionId="63194326-81e9-41b8-90dd-9a52fcbe5080" testListId="8c84fa94-04c1-424b-9868-57a2d4851a1d" />
  </TestEntries>
  <Results>
    <UnitTestResult executionId="4bcb1206-c052-44b0-a80b-1bc6e29a8b5a" testId="1ea56efe-29a7-c41e-8b4f-e92c908ed160" testName="TestEloDrawLower" computerName="STEVEN-PC" duration="00:00:00.0147938" startTime="2011-08-06T13:39:07.4716000-04:00" endTime="2011-08-06T13:39:07.7956000-04:00" testType="13cdc9d9-ddb5-4fa4-a97d-d965ccfc6d4b" outcome="Passed" testListId="8c84fa94-04c1-424b-9868-57a2d4851a1d">
      <Output>
      </Output>
    </UnitTestResult>
    <UnitTestResult executionId="7f1bc385-e122-4929-939a-3157b4a53ba5" testId="20416769-a17d-cce0-b09a-1729b9bea58e" testName="TestInvalidTooFewRows" computerName="STEVEN-PC" duration="00:00:00.0152632" startTime="2011-08-06T13:39:07.8006000-04:00" endTime="2011-08-06T13:39:07.8406000-04:00" testType="13cdc9d9-ddb5-4fa4-a97d-d965ccfc6d4b" outcome="Passed" testListId="8c84fa94-04c1-424b-9868-57a2d4851a1d">
      <Output>
      </Output>
    </UnitTestResult>
    <UnitTestResult executionId="71788852-15a9-45d2-bd15-d28bf82fceba" testId="25019b72-d149-ffea-f28e-b1a59ae50d6c" testName="TestEloLoseEven" computerName="STEVEN-PC" duration="00:00:00.0004213" startTime="2011-08-06T13:39:07.8486000-04:00" endTime="2011-08-06T13:39:07.8566000-04:00" testType="13cdc9d9-ddb5-4fa4-a97d-d965ccfc6d4b" outcome="Passed" testListId="8c84fa94-04c1-424b-9868-57a2d4851a1d">
      <Output>
      </Output>
    </UnitTestResult>
    <UnitTestResult executionId="6e266cc3-084d-44c2-be5c-013d117d5460" testId="282cfed9-13ec-86b3-ab50-1067eca9207f" testName="TestInvalidTooFewColEmpty" computerName="STEVEN-PC" duration="00:00:00.0050699" startTime="2011-08-06T13:39:07.8686000-04:00" endTime="2011-08-06T13:39:07.8786000-04:00" testType="13cdc9d9-ddb5-4fa4-a97d-d965ccfc6d4b" outcome="Passed" testListId="8c84fa94-04c1-424b-9868-57a2d4851a1d">
      <Output>
      </Output>
    </UnitTestResult>
    <UnitTestResult executionId="b712cc03-cb56-4907-a3ec-511ae28a7d89" testId="2aafeb69-55fd-f149-332f-39f1ece146bf" testName="TestEloLoseHigher" computerName="STEVEN-PC" duration="00:00:00.0003621" startTime="2011-08-06T13:39:07.8826000-04:00" endTime="2011-08-06T13:39:07.8866000-04:00" testType="13cdc9d9-ddb5-4fa4-a97d-d965ccfc6d4b" outcome="Passed" testListId="8c84fa94-04c1-424b-9868-57a2d4851a1d">
      <Output>
      </Output>
    </UnitTestResult>
    <UnitTestResult executionId="bb985c4d-064d-45ef-ab82-633ae56f3b98" testId="346548ab-9e9f-b358-9be4-2fa0a7880357" testName="TestInvalidEndInDelimTooMany" computerName="STEVEN-PC" duration="00:00:00.0050869" startTime="2011-08-06T13:39:07.8906000-04:00" endTime="2011-08-06T13:39:07.8996000-04:00" testType="13cdc9d9-ddb5-4fa4-a97d-d965ccfc6d4b" outcome="Passed" testListId="8c84fa94-04c1-424b-9868-57a2d4851a1d">
      <Output>
      </Output>
    </UnitTestResult>
    <UnitTestResult executionId="ead94afd-bfa7-4013-9711-2b60e7a356cf" testId="361a2c15-4903-0dcc-e852-1f1bb7e3d573" testName="TestEloModDraw" computerName="STEVEN-PC" duration="00:00:00.0008678" startTime="2011-08-06T13:39:07.9036000-04:00" endTime="2011-08-06T13:39:07.9076000-04:00" testType="13cdc9d9-ddb5-4fa4-a97d-d965ccfc6d4b" outcome="Passed" testListId="8c84fa94-04c1-424b-9868-57a2d4851a1d">
      <Output>
      </Output>
    </UnitTestResult>
    <UnitTestResult executionId="0fe7c157-f93a-405e-8f49-6070a10456a9" testId="3a9820c9-7f32-03e8-abab-08d461fa78aa" testName="TestEloWinEven" computerName="STEVEN-PC" duration="00:00:00.0003645" startTime="2011-08-06T13:39:07.9116000-04:00" endTime="2011-08-06T13:39:07.9156000-04:00" testType="13cdc9d9-ddb5-4fa4-a97d-d965ccfc6d4b" outcome="Passed" testListId="8c84fa94-04c1-424b-9868-57a2d4851a1d">
      <Output>
      </Output>
    </UnitTestResult>
    <UnitTestResult executionId="24d8b691-5172-45dd-9584-7a28b8ed8dc8" testId="4067d726-029b-d64d-be5e-0173ae1e472f" testName="TestEloWinHigher" computerName="STEVEN-PC" duration="00:00:00.0003596" startTime="2011-08-06T13:39:07.9196000-04:00" endTime="2011-08-06T13:39:07.9236000-04:00" testType="13cdc9d9-ddb5-4fa4-a97d-d965ccfc6d4b" outcome="Passed" testListId="8c84fa94-04c1-424b-9868-57a2d4851a1d">
      <Output>
      </Output>
    </UnitTestResult>
    <UnitTestResult executionId="abe15ea8-9467-49a0-913d-85e7898228da" testId="521b0daf-0a93-456b-f3c1-eafb7701d031" testName="TestEloLoseLower" computerName="STEVEN-PC" duration="00:00:00.0004281" startTime="2011-08-06T13:39:07.9396000-04:00" endTime="2011-08-06T13:39:07.9596000-04:00" testType="13cdc9d9-ddb5-4fa4-a97d-d965ccfc6d4b" outcome="Passed" testListId="8c84fa94-04c1-424b-9868-57a2d4851a1d">
      <Output>
      </Output>
    </UnitTestResult>
    <UnitTestResult executionId="235df59e-20b9-42a8-a7bf-f524343c3986" testId="59fb97fd-0926-cbb1-e498-664825d78d6f" testName="TestInvalidTooManyRows" computerName="STEVEN-PC" duration="00:00:00.0051723" startTime="2011-08-06T13:39:07.9626000-04:00" endTime="2011-08-06T13:39:07.9716000-04:00" testType="13cdc9d9-ddb5-4fa4-a97d-d965ccfc6d4b" outcome="Passed" testListId="8c84fa94-04c1-424b-9868-57a2d4851a1d">
      <Output>
      </Output>
    </UnitTestResult>
    <UnitTestResult executionId="1ea28e53-34a2-4ba2-9fce-411ed06978fe" testId="6e68234d-eb82-8663-44a1-64d050a02568" testName="TestInvalidTooFewColPieces" computerName="STEVEN-PC" duration="00:00:00.0053878" startTime="2011-08-06T13:39:07.9756000-04:00" endTime="2011-08-06T13:39:07.9846000-04:00" testType="13cdc9d9-ddb5-4fa4-a97d-d965ccfc6d4b" outcome="Passed" testListId="8c84fa94-04c1-424b-9868-57a2d4851a1d">
      <Output>
      </Output>
    </UnitTestResult>
    <UnitTestResult executionId="c4e80bc7-258a-4e50-9570-6f7f8547d0c8" testId="73f9b3c4-9390-5a5e-1010-bc4cc3c0e394" testName="TestEloDrawEven" computerName="STEVEN-PC" duration="00:00:00.0003713" startTime="2011-08-06T13:39:07.9886000-04:00" endTime="2011-08-06T13:39:07.9926000-04:00" testType="13cdc9d9-ddb5-4fa4-a97d-d965ccfc6d4b" outcome="Passed" testListId="8c84fa94-04c1-424b-9868-57a2d4851a1d">
      <Output>
      </Output>
    </UnitTestResult>
    <UnitTestResult executionId="c45704eb-2c67-4c01-a0ac-20e954ebf3e7" testId="a28e5afa-ac1f-3183-a503-5aae3856596d" testName="TestInvalidZeroGap" computerName="STEVEN-PC" duration="00:00:00.0051971" startTime="2011-08-06T13:39:07.9966000-04:00" endTime="2011-08-06T13:39:08.0056000-04:00" testType="13cdc9d9-ddb5-4fa4-a97d-d965ccfc6d4b" outcome="Passed" testListId="8c84fa94-04c1-424b-9868-57a2d4851a1d">
      <Output>
      </Output>
    </UnitTestResult>
    <UnitTestResult executionId="2eae0d46-c104-48e2-9d7b-93591fe6b802" testId="a4fc1eff-ece3-3999-fe08-b47f2b9e7d46" testName="TestInvalidConsecutiveGaps" computerName="STEVEN-PC" duration="00:00:00.0053403" startTime="2011-08-06T13:39:08.0096000-04:00" endTime="2011-08-06T13:39:08.0186000-04:00" testType="13cdc9d9-ddb5-4fa4-a97d-d965ccfc6d4b" outcome="Passed" testListId="8c84fa94-04c1-424b-9868-57a2d4851a1d">
      <Output>
      </Output>
    </UnitTestResult>
    <UnitTestResult executionId="6f69e25f-91ce-49a5-9afc-434d8dde43db" testId="afb4e21b-de84-8013-1451-d223e3f2ef3b" testName="TestEloModLoss" computerName="STEVEN-PC" duration="00:00:00.0002873" startTime="2011-08-06T13:39:08.0226000-04:00" endTime="2011-08-06T13:39:08.0266000-04:00" testType="13cdc9d9-ddb5-4fa4-a97d-d965ccfc6d4b" outcome="Passed" testListId="8c84fa94-04c1-424b-9868-57a2d4851a1d">
      <Output>
      </Output>
    </UnitTestResult>
    <UnitTestResult executionId="e245431a-3f3c-4ea9-bd2c-85684aa70074" testId="b38bb37a-5172-ee3c-38b6-8fe5de6b9b06" testName="TestInvalidEndInDelimTooFew" computerName="STEVEN-PC" duration="00:00:00.0051728" startTime="2011-08-06T13:39:08.0316000-04:00" endTime="2011-08-06T13:39:08.0406000-04:00" testType="13cdc9d9-ddb5-4fa4-a97d-d965ccfc6d4b" outcome="Passed" testListId="8c84fa94-04c1-424b-9868-57a2d4851a1d">
      <Output>
      </Output>
    </UnitTestResult>
    <UnitTestResult executionId="99956d7d-5576-4e5a-9546-65969d5d0c58" testId="bbdb4c36-5726-4427-2739-687e7f08fae2" testName="TestEloWinLower" computerName="STEVEN-PC" duration="00:00:00.0003591" startTime="2011-08-06T13:39:08.0446000-04:00" endTime="2011-08-06T13:39:08.0486000-04:00" testType="13cdc9d9-ddb5-4fa4-a97d-d965ccfc6d4b" outcome="Passed" testListId="8c84fa94-04c1-424b-9868-57a2d4851a1d">
      <Output>
      </Output>
    </UnitTestResult>
    <UnitTestResult executionId="7f2f92de-7b24-4dbe-af8d-6067f6f4ee6d" testId="bccda867-873b-89e1-132a-ab15b9a3380c" testName="TestEloModWin" computerName="STEVEN-PC" duration="00:00:00.0002820" startTime="2011-08-06T13:39:08.0526000-04:00" endTime="2011-08-06T13:39:08.0566000-04:00" testType="13cdc9d9-ddb5-4fa4-a97d-d965ccfc6d4b" outcome="Passed" testListId="8c84fa94-04c1-424b-9868-57a2d4851a1d">
      <Output>
      </Output>
    </UnitTestResult>
    <UnitTestResult executionId="9400fbfa-0779-45ee-8591-506f24db4b3c" testId="cd3193dd-98af-1ce1-f1cb-940a4d01ba11" testName="TestInvalidTooManyColEmpty" computerName="STEVEN-PC" duration="00:00:00.0061344" startTime="2011-08-06T13:39:08.0596000-04:00" endTime="2011-08-06T13:39:08.0696000-04:00" testType="13cdc9d9-ddb5-4fa4-a97d-d965ccfc6d4b" outcome="Passed" testListId="8c84fa94-04c1-424b-9868-57a2d4851a1d">
      <Output>
      </Output>
    </UnitTestResult>
    <UnitTestResult executionId="25926176-b58d-4445-99b5-5faba0d2b37a" testId="cf9cc314-967e-4b26-2815-cda7abe3335c" testName="TestInvalidTooManyColPieces" computerName="STEVEN-PC" duration="00:00:00.0061252" startTime="2011-08-06T13:39:08.0776000-04:00" endTime="2011-08-06T13:39:08.0896000-04:00" testType="13cdc9d9-ddb5-4fa4-a97d-d965ccfc6d4b" outcome="Passed" testListId="8c84fa94-04c1-424b-9868-57a2d4851a1d">
      <Output>
      </Output>
    </UnitTestResult>
    <UnitTestResult executionId="dc254f6f-f093-4a9e-a728-b5b7c1c00fd0" testId="d079c161-d78e-0564-f2bf-f2f8c4937fe3" testName="TestFromFenValid" computerName="STEVEN-PC" duration="00:00:00.0249507" startTime="2011-08-06T13:39:08.0966000-04:00" endTime="2011-08-06T13:39:08.1276000-04:00" testType="13cdc9d9-ddb5-4fa4-a97d-d965ccfc6d4b" outcome="Failed" testListId="8c84fa94-04c1-424b-9868-57a2d4851a1d">
      <Output>
        <ErrorInfo>
          <Message>Test method ChessGameLib.Test.FenUnitTest.TestFromFenValid threw exception:  ChessGameLib.FENException: Too many pieces specified in row!.</Message>
          <StackTrace>    at ChessGameLib.FENSerializer.Deserialize(String s) in D:\Documents\Development\2-Player Chess - New Engine\ChessGame\ChessGameLib\GameSerializer.cs:line 164
   at ChessGameLib.Test.FenUnitTest.TestFromFenValid() in D:\Documents\Development\2-Player Chess - New Engine\ChessGame\ChessGameLib.Test\FenUnitTest.cs:line 94
</StackTrace>
        </ErrorInfo>
      </Output>
    </UnitTestResult>
    <UnitTestResult executionId="63194326-81e9-41b8-90dd-9a52fcbe5080" testId="e54c4302-6763-8eef-7764-76bf789823fb" testName="TestEloDrawHigher" computerName="STEVEN-PC" duration="00:00:00.0003917" startTime="2011-08-06T13:39:08.1346000-04:00" endTime="2011-08-06T13:39:08.1506000-04:00" testType="13cdc9d9-ddb5-4fa4-a97d-d965ccfc6d4b" outcome="Passed" testListId="8c84fa94-04c1-424b-9868-57a2d4851a1d">
      <Output>
      </Output>
    </UnitTestResult>
  </Results>
</TestRun>